Component: ARM Compiler 5.05 update 1 (build 106) Tool: armlink [4d0efa]

==============================================================================

Section Cross References

    system_stm32f10x.o(i.SetSysClock) refers to system_stm32f10x.o(i.SetSysClockTo72) for SetSysClockTo72
    system_stm32f10x.o(i.SystemCoreClockUpdate) refers to system_stm32f10x.o(.data) for SystemCoreClock
    system_stm32f10x.o(i.SystemInit) refers to system_stm32f10x.o(i.SetSysClock) for SetSysClock
    main.o(i.BSP_Init) refers to stm32f10x_rcc.o(i.RCC_APB2PeriphClockCmd) for RCC_APB2PeriphClockCmd
    main.o(i.BSP_Init) refers to stm32f10x_gpio.o(i.GPIO_PinRemapConfig) for GPIO_PinRemapConfig
    main.o(i.BSP_Init) refers to stm32f10x_gpio.o(i.GPIO_Init) for GPIO_Init
    main.o(i.BSP_Init) refers to stm32f10x_gpio.o(i.GPIO_ResetBits) for GPIO_ResetBits
    main.o(i.EXTI15_10_IRQHandler) refers to stm32f10x_exti.o(i.EXTI_GetITStatus) for EXTI_GetITStatus
    main.o(i.EXTI15_10_IRQHandler) refers to delay.o(i.delay_ms) for delay_ms
    main.o(i.EXTI15_10_IRQHandler) refers to uc1701.o(i.UC1701ShowNum) for UC1701ShowNum
    main.o(i.EXTI15_10_IRQHandler) refers to stm32f10x_exti.o(i.EXTI_ClearITPendingBit) for EXTI_ClearITPendingBit
    main.o(i.EXTI15_10_IRQHandler) refers to main.o(.data) for timeout
    main.o(i.EXTI15_10_IRQHandler) refers to esp8266.o(.bss) for sensorend1
    main.o(i.EXTI4_IRQHandler) refers to stm32f10x_exti.o(i.EXTI_GetITStatus) for EXTI_GetITStatus
    main.o(i.EXTI4_IRQHandler) refers to delay.o(i.delay_ms) for delay_ms
    main.o(i.EXTI4_IRQHandler) refers to stm32f10x_exti.o(i.EXTI_ClearITPendingBit) for EXTI_ClearITPendingBit
    main.o(i.EXTI4_IRQHandler) refers to main.o(.data) for timeout
    main.o(i.EXTI4_IRQHandler) refers to esp8266.o(.data) for smartconfig_en
    main.o(i.Exti_init) refers to stm32f10x_rcc.o(i.RCC_APB2PeriphClockCmd) for RCC_APB2PeriphClockCmd
    main.o(i.Exti_init) refers to stm32f10x_gpio.o(i.GPIO_Init) for GPIO_Init
    main.o(i.Exti_init) refers to stm32f10x_gpio.o(i.GPIO_EXTILineConfig) for GPIO_EXTILineConfig
    main.o(i.Exti_init) refers to stm32f10x_exti.o(i.EXTI_Init) for EXTI_Init
    main.o(i.Exti_init) refers to misc.o(i.NVIC_Init) for NVIC_Init
    main.o(i.main) refers to delay.o(i.delay_init) for delay_init
    main.o(i.main) refers to misc.o(i.NVIC_PriorityGroupConfig) for NVIC_PriorityGroupConfig
    main.o(i.main) refers to uc1701.o(i.UC1701_Init) for UC1701_Init
    main.o(i.main) refers to delay.o(i.delay_ms) for delay_ms
    main.o(i.main) refers to esp8266.o(i.uart2_init) for uart2_init
    main.o(i.main) refers to main.o(i.BSP_Init) for BSP_Init
    main.o(i.main) refers to adc.o(i.Adc_Init) for Adc_Init
    main.o(i.main) refers to ds18b20.o(i.DS18B20_Init) for DS18B20_Init
    main.o(i.main) refers to main.o(i.Exti_init) for Exti_init
    main.o(i.main) refers to esp8266.o(i.ESP8266_Server) for ESP8266_Server
    startup_stm32f10x_md.o(STACK) refers (Special) to heapauxi.o(.text) for __use_two_region_memory
    startup_stm32f10x_md.o(HEAP) refers (Special) to heapauxi.o(.text) for __use_two_region_memory
    startup_stm32f10x_md.o(RESET) refers (Special) to heapauxi.o(.text) for __use_two_region_memory
    startup_stm32f10x_md.o(RESET) refers to startup_stm32f10x_md.o(STACK) for __initial_sp
    startup_stm32f10x_md.o(RESET) refers to startup_stm32f10x_md.o(.text) for Reset_Handler
    startup_stm32f10x_md.o(RESET) refers to main.o(i.EXTI4_IRQHandler) for EXTI4_IRQHandler
    startup_stm32f10x_md.o(RESET) refers to usart.o(i.USART1_IRQHandler) for USART1_IRQHandler
    startup_stm32f10x_md.o(RESET) refers to esp8266.o(i.USART2_IRQHandler) for USART2_IRQHandler
    startup_stm32f10x_md.o(RESET) refers to main.o(i.EXTI15_10_IRQHandler) for EXTI15_10_IRQHandler
    startup_stm32f10x_md.o(.text) refers (Special) to heapauxi.o(.text) for __use_two_region_memory
    startup_stm32f10x_md.o(.text) refers to system_stm32f10x.o(i.SystemInit) for SystemInit
    startup_stm32f10x_md.o(.text) refers to __main.o(!!!main) for __main
    startup_stm32f10x_md.o(.text) refers to startup_stm32f10x_md.o(HEAP) for Heap_Mem
    startup_stm32f10x_md.o(.text) refers to startup_stm32f10x_md.o(STACK) for Stack_Mem
    delay.o(i.delay_init) refers to misc.o(i.SysTick_CLKSourceConfig) for SysTick_CLKSourceConfig
    delay.o(i.delay_init) refers to system_stm32f10x.o(.data) for SystemCoreClock
    delay.o(i.delay_init) refers to delay.o(.data) for fac_us
    delay.o(i.delay_ms) refers to delay.o(.data) for fac_ms
    delay.o(i.delay_us) refers to delay.o(.data) for fac_us
    usart.o(i.USART1_IRQHandler) refers (Special) to use_no_semi_2.o(.text) for __use_no_semihosting
    usart.o(i.USART1_IRQHandler) refers to stm32f10x_usart.o(i.USART_GetITStatus) for USART_GetITStatus
    usart.o(i.USART1_IRQHandler) refers to stm32f10x_usart.o(i.USART_ReceiveData) for USART_ReceiveData
[...]
    Removing stm32f10x_gpio.o(i.GPIO_ReadOutputDataBit), (18 bytes).
    Removing stm32f10x_gpio.o(i.GPIO_SetBits), (4 bytes).
    Removing stm32f10x_gpio.o(i.GPIO_StructInit), (16 bytes).
    Removing stm32f10x_gpio.o(i.GPIO_Write), (4 bytes).
    Removing stm32f10x_gpio.o(i.GPIO_WriteBit), (10 bytes).
    Removing stm32f10x_usart.o(i.USART_ClearFlag), (18 bytes).
    Removing stm32f10x_usart.o(i.USART_ClearITPendingBit), (30 bytes).
    Removing stm32f10x_usart.o(i.USART_ClockInit), (34 bytes).
    Removing stm32f10x_usart.o(i.USART_ClockStructInit), (12 bytes).
    Removing stm32f10x_usart.o(i.USART_DMACmd), (18 bytes).
    Removing stm32f10x_usart.o(i.USART_DeInit), (156 bytes).
    Removing stm32f10x_usart.o(i.USART_GetFlagStatus), (26 bytes).
    Removing stm32f10x_usart.o(i.USART_HalfDuplexCmd), (24 bytes).
    Removing stm32f10x_usart.o(i.USART_IrDACmd), (24 bytes).
    Removing stm32f10x_usart.o(i.USART_IrDAConfig), (18 bytes).
    Removing stm32f10x_usart.o(i.USART_LINBreakDetectLengthConfig), (18 bytes).
    Removing stm32f10x_usart.o(i.USART_LINCmd), (24 bytes).
    Removing stm32f10x_usart.o(i.USART_OneBitMethodCmd), (24 bytes).
    Removing stm32f10x_usart.o(i.USART_OverSampling8Cmd), (22 bytes).
    Removing stm32f10x_usart.o(i.USART_ReceiverWakeUpCmd), (24 bytes).
    Removing stm32f10x_usart.o(i.USART_SendBreak), (10 bytes).
    Removing stm32f10x_usart.o(i.USART_SendData), (8 bytes).
    Removing stm32f10x_usart.o(i.USART_SetAddress), (18 bytes).
    Removing stm32f10x_usart.o(i.USART_SetGuardTime), (16 bytes).
    Removing stm32f10x_usart.o(i.USART_SetPrescaler), (16 bytes).
    Removing stm32f10x_usart.o(i.USART_SmartCardCmd), (24 bytes).
    Removing stm32f10x_usart.o(i.USART_SmartCardNACKCmd), (24 bytes).
    Removing stm32f10x_usart.o(i.USART_StructInit), (24 bytes).
    Removing stm32f10x_usart.o(i.USART_WakeUpConfig), (18 bytes).
    Removing stm32f10x_tim.o(i.TI1_Config), (128 bytes).
    Removing stm32f10x_tim.o(i.TI2_Config), (152 bytes).
    Removing stm32f10x_tim.o(i.TI3_Config), (144 bytes).
    Removing stm32f10x_tim.o(i.TI4_Config), (152 bytes).
    Removing stm32f10x_tim.o(i.TIM_ARRPreloadConfig), (24 bytes).
    Removing stm32f10x_tim.o(i.TIM_BDTRConfig), (32 bytes).
    Removing stm32f10x_tim.o(i.TIM_BDTRStructInit), (18 bytes).
    Removing stm32f10x_tim.o(i.TIM_CCPreloadControl), (24 bytes).
    Removing stm32f10x_tim.o(i.TIM_CCxCmd), (30 bytes).
    Removing stm32f10x_tim.o(i.TIM_CCxNCmd), (30 bytes).
    Removing stm32f10x_tim.o(i.TIM_ClearFlag), (6 bytes).
    Removing stm32f10x_tim.o(i.TIM_ClearITPendingBit), (6 bytes).
    Removing stm32f10x_tim.o(i.TIM_ClearOC1Ref), (18 bytes).
    Removing stm32f10x_tim.o(i.TIM_ClearOC2Ref), (24 bytes).
    Removing stm32f10x_tim.o(i.TIM_ClearOC3Ref), (18 bytes).
    Removing stm32f10x_tim.o(i.TIM_ClearOC4Ref), (24 bytes).
    Removing stm32f10x_tim.o(i.TIM_Cmd), (24 bytes).
    Removing stm32f10x_tim.o(i.TIM_CounterModeConfig), (18 bytes).
    Removing stm32f10x_tim.o(i.TIM_CtrlPWMOutputs), (30 bytes).
    Removing stm32f10x_tim.o(i.TIM_DMACmd), (18 bytes).
    Removing stm32f10x_tim.o(i.TIM_DMAConfig), (10 bytes).
    Removing stm32f10x_tim.o(i.TIM_DeInit), (488 bytes).
    Removing stm32f10x_tim.o(i.TIM_ETRClockMode1Config), (54 bytes).
    Removing stm32f10x_tim.o(i.TIM_ETRClockMode2Config), (32 bytes).
    Removing stm32f10x_tim.o(i.TIM_ETRConfig), (28 bytes).
    Removing stm32f10x_tim.o(i.TIM_EncoderInterfaceConfig), (66 bytes).
    Removing stm32f10x_tim.o(i.TIM_ForcedOC1Config), (18 bytes).
    Removing stm32f10x_tim.o(i.TIM_ForcedOC2Config), (26 bytes).
    Removing stm32f10x_tim.o(i.TIM_ForcedOC3Config), (18 bytes).
    Removing stm32f10x_tim.o(i.TIM_ForcedOC4Config), (26 bytes).
    Removing stm32f10x_tim.o(i.TIM_GenerateEvent), (4 bytes).
    Removing stm32f10x_tim.o(i.TIM_GetCapture1), (6 bytes).
    Removing stm32f10x_tim.o(i.TIM_GetCapture2), (6 bytes).
    Removing stm32f10x_tim.o(i.TIM_GetCapture3), (6 bytes).
    Removing stm32f10x_tim.o(i.TIM_GetCapture4), (8 bytes).
    Removing stm32f10x_tim.o(i.TIM_GetCounter), (6 bytes).
    Removing stm32f10x_tim.o(i.TIM_GetFlagStatus), (18 bytes).
    Removing stm32f10x_tim.o(i.TIM_GetITStatus), (34 bytes).
    Removing stm32f10x_tim.o(i.TIM_GetPrescaler), (6 bytes).
    Removing stm32f10x_tim.o(i.TIM_ICInit), (172 bytes).
    Removing stm32f10x_tim.o(i.TIM_ICStructInit), (18 bytes).
    Removing stm32f10x_tim.o(i.TIM_ITConfig), (18 bytes).
    Removing stm32f10x_tim.o(i.TIM_ITRxExternalClockConfig), (24 bytes).
    Removing stm32f10x_tim.o(i.TIM_InternalClockConfig), (12 bytes).
    Removing stm32f10x_tim.o(i.TIM_OC1FastConfig), (18 bytes).
    Removing stm32f10x_tim.o(i.TIM_OC1Init), (152 bytes).
    Removing stm32f10x_tim.o(i.TIM_OC1NPolarityConfig), (18 bytes).
    Removing stm32f10x_tim.o(i.TIM_OC1PolarityConfig), (18 bytes).
    Removing stm32f10x_tim.o(i.TIM_OC1PreloadConfig), (18 bytes).
    Removing stm32f10x_tim.o(i.TIM_OC2FastConfig), (26 bytes).
    Removing stm32f10x_tim.o(i.TIM_OC2Init), (164 bytes).
    Removing stm32f10x_tim.o(i.TIM_OC2NPolarityConfig), (26 bytes).
    Removing stm32f10x_tim.o(i.TIM_OC2PolarityConfig), (26 bytes).
    Removing stm32f10x_tim.o(i.TIM_OC2PreloadConfig), (26 bytes).
    Removing stm32f10x_tim.o(i.TIM_OC3FastConfig), (18 bytes).
    Removing stm32f10x_tim.o(i.TIM_OC3Init), (160 bytes).
    Removing stm32f10x_tim.o(i.TIM_OC3NPolarityConfig), (26 bytes).
    Removing stm32f10x_tim.o(i.TIM_OC3PolarityConfig), (26 bytes).
    Removing stm32f10x_tim.o(i.TIM_OC3PreloadConfig), (18 bytes).
    Removing stm32f10x_tim.o(i.TIM_OC4FastConfig), (26 bytes).
    Removing stm32f10x_tim.o(i.TIM_OC4Init), (124 bytes).
    Removing stm32f10x_tim.o(i.TIM_OC4PolarityConfig), (26 bytes).
    Removing stm32f10x_tim.o(i.TIM_OC4PreloadConfig), (26 bytes).
    Removing stm32f10x_tim.o(i.TIM_OCStructInit), (20 bytes).
    Removing stm32f10x_tim.o(i.TIM_PWMIConfig), (124 bytes).
    Removing stm32f10x_tim.o(i.TIM_PrescalerConfig), (6 bytes).
    Removing stm32f10x_tim.o(i.TIM_SelectCCDMA), (24 bytes).
    Removing stm32f10x_tim.o(i.TIM_SelectCOM), (24 bytes).
    Removing stm32f10x_tim.o(i.TIM_SelectHallSensor), (24 bytes).
    Removing stm32f10x_tim.o(i.TIM_SelectInputTrigger), (18 bytes).
    Removing stm32f10x_tim.o(i.TIM_SelectMasterSlaveMode), (18 bytes).
    Removing stm32f10x_tim.o(i.TIM_SelectOCxM), (82 bytes).
    Removing stm32f10x_tim.o(i.TIM_SelectOnePulseMode), (18 bytes).
    Removing stm32f10x_tim.o(i.TIM_SelectOutputTrigger), (18 bytes).
    Removing stm32f10x_tim.o(i.TIM_SelectSlaveMode), (18 bytes).
    Removing stm32f10x_tim.o(i.TIM_SetAutoreload), (4 bytes).
    Removing stm32f10x_tim.o(i.TIM_SetClockDivision), (18 bytes).
    Removing stm32f10x_tim.o(i.TIM_SetCompare1), (4 bytes).
    Removing stm32f10x_tim.o(i.TIM_SetCompare2), (4 bytes).
    Removing stm32f10x_tim.o(i.TIM_SetCompare3), (4 bytes).
    Removing stm32f10x_tim.o(i.TIM_SetCompare4), (6 bytes).
    Removing stm32f10x_tim.o(i.TIM_SetCounter), (4 bytes).
    Removing stm32f10x_tim.o(i.TIM_SetIC1Prescaler), (18 bytes).
    Removing stm32f10x_tim.o(i.TIM_SetIC2Prescaler), (26 bytes).
    Removing stm32f10x_tim.o(i.TIM_SetIC3Prescaler), (18 bytes).
    Removing stm32f10x_tim.o(i.TIM_SetIC4Prescaler), (26 bytes).
    Removing stm32f10x_tim.o(i.TIM_TIxExternalClockConfig), (62 bytes).
    Removing stm32f10x_tim.o(i.TIM_TimeBaseInit), (164 bytes).
    Removing stm32f10x_tim.o(i.TIM_TimeBaseStructInit), (18 bytes).
    Removing stm32f10x_tim.o(i.TIM_UpdateDisableConfig), (24 bytes).
    Removing stm32f10x_tim.o(i.TIM_UpdateRequestConfig), (24 bytes).
    Removing stm32f10x_adc.o(i.ADC_AnalogWatchdogCmd), (20 bytes).
    Removing stm32f10x_adc.o(i.ADC_AnalogWatchdogSingleChannelConfig), (16 bytes).
    Removing stm32f10x_adc.o(i.ADC_AnalogWatchdogThresholdsConfig), (6 bytes).
    Removing stm32f10x_adc.o(i.ADC_AutoInjectedConvCmd), (22 bytes).
    Removing stm32f10x_adc.o(i.ADC_ClearFlag), (6 bytes).
    Removing stm32f10x_adc.o(i.ADC_ClearITPendingBit), (10 bytes).
    Removing stm32f10x_adc.o(i.ADC_DMACmd), (22 bytes).
    Removing stm32f10x_adc.o(i.ADC_DiscModeChannelCountConfig), (24 bytes).
    Removing stm32f10x_adc.o(i.ADC_DiscModeCmd), (22 bytes).
    Removing stm32f10x_adc.o(i.ADC_ExternalTrigConvCmd), (22 bytes).
    Removing stm32f10x_adc.o(i.ADC_ExternalTrigInjectedConvCmd), (22 bytes).
    Removing stm32f10x_adc.o(i.ADC_ExternalTrigInjectedConvConfig), (16 bytes).
    Removing stm32f10x_adc.o(i.ADC_GetDualModeConversionValue), (12 bytes).
    Removing stm32f10x_adc.o(i.ADC_GetITStatus), (36 bytes).
    Removing stm32f10x_adc.o(i.ADC_GetInjectedConversionValue), (28 bytes).
    Removing stm32f10x_adc.o(i.ADC_GetSoftwareStartConvStatus), (20 bytes).
    Removing stm32f10x_adc.o(i.ADC_GetSoftwareStartInjectedConvCmdStatus), (20 bytes).
    Removing stm32f10x_adc.o(i.ADC_ITConfig), (24 bytes).
    Removing stm32f10x_adc.o(i.ADC_InjectedChannelConfig), (130 bytes).
    Removing stm32f10x_adc.o(i.ADC_InjectedDiscModeCmd), (22 bytes).
    Removing stm32f10x_adc.o(i.ADC_InjectedSequencerLengthConfig), (24 bytes).
    Removing stm32f10x_adc.o(i.ADC_SetInjectedOffset), (20 bytes).
    Removing stm32f10x_adc.o(i.ADC_SoftwareStartInjectedConvCmd), (22 bytes).
    Removing stm32f10x_adc.o(i.ADC_StructInit), (18 bytes).
    Removing stm32f10x_adc.o(i.ADC_TempSensorVrefintCmd), (36 bytes).
    Removing stm32f10x_exti.o(i.EXTI_ClearFlag), (12 bytes).
    Removing stm32f10x_exti.o(i.EXTI_DeInit), (36 bytes).
    Removing stm32f10x_exti.o(i.EXTI_GenerateSWInterrupt), (16 bytes).
    Removing stm32f10x_exti.o(i.EXTI_GetFlagStatus), (24 bytes).
    Removing stm32f10x_exti.o(i.EXTI_StructInit), (16 bytes).
    Removing esp8266.o(i.ESP8266_AT_Test), (84 bytes).
    Removing esp8266.o(i.ESP8266_CWLIF), (120 bytes).
    Removing esp8266.o(i.ESP8266_ExitUnvarnishSend), (32 bytes).
    Removing esp8266.o(i.ESP8266_Get_IdLinkStatus), (232 bytes).
    Removing esp8266.o(i.ESP8266_Get_LinkStatus), (124 bytes).
    Removing esp8266.o(i.ESP8266_Inquire_ApIp), (108 bytes).
    Removing esp8266.o(i.ESP8266_JoinAP), (64 bytes).
    Removing esp8266.o(i.ESP8266_Link_Server), (192 bytes).
    Removing esp8266.o(i.ESP8266_ReceiveString), (100 bytes).
    Removing esp8266.o(i.ESP8266_UnvarnishSend), (76 bytes).
    Removing esp8266.o(i.SendString), (40 bytes).
    Removing uc1701.o(i.BmpShow), (80 bytes).
    Removing uc1701.o(i.DrawPoint), (164 bytes).
    Removing uc1701.o(i.FullFill), (72 bytes).
    Removing uc1701.o(i.Graphic16X16), (176 bytes).
    Removing uc1701.o(i.Graphic6X8), (172 bytes).
    Removing uc1701.o(i.Graphic6x8Str), (136 bytes).
    Removing uc1701.o(i.Gui_DrawLine), (206 bytes).

213 unused section(s) (total 8870 bytes) removed from the image.

==============================================================================

Image Symbol Table

    Local Symbols

    Symbol Name                              Value     Ov Type        Size  Object(Section)

    ../clib/angel/boardlib.s                 0x00000000   Number         0  boardshut.o ABSOLUTE
    ../clib/angel/boardlib.s                 0x00000000   Number         0  boardinit1.o ABSOLUTE
    ../clib/angel/boardlib.s                 0x00000000   Number         0  boardinit2.o ABSOLUTE
    ../clib/angel/boardlib.s                 0x00000000   Number         0  boardinit3.o ABSOLUTE
    ../clib/angel/handlers.s                 0x00000000   Number         0  __scatter_zi.o ABSOLUTE
    ../clib/angel/handlers.s                 0x00000000   Number         0  __scatter_copy.o ABSOLUTE
    ../clib/angel/kernel.s                   0x00000000   Number         0  rtexit.o ABSOLUTE
    ../clib/angel/kernel.s                   0x00000000   Number         0  __rtentry.o ABSOLUTE
    ../clib/angel/kernel.s                   0x00000000   Number         0  rtexit2.o ABSOLUTE
    ../clib/angel/kernel.s                   0x00000000   Number         0  __rtentry2.o ABSOLUTE
    ../clib/angel/kernel.s                   0x00000000   Number         0  __rtentry4.o ABSOLUTE
    ../clib/angel/rt.s                       0x00000000   Number         0  rt_raise.o ABSOLUTE
    ../clib/angel/scatter.s                  0x00000000   Number         0  __scatter.o ABSOLUTE
    ../clib/angel/startup.s                  0x00000000   Number         0  __main.o ABSOLUTE
    ../clib/angel/sys.s                      0x00000000   Number         0  use_no_semi.o ABSOLUTE
    ../clib/angel/sys.s                      0x00000000   Number         0  use_no_semi_2.o ABSOLUTE
    ../clib/angel/sys.s                      0x00000000   Number         0  indicate_semi.o ABSOLUTE
    ../clib/angel/sys.s                      0x00000000   Number         0  sys_stackheap_outer.o ABSOLUTE
    ../clib/angel/sys.s                      0x00000000   Number         0  libspace.o ABSOLUTE
    ../clib/angel/sysapp.c                   0x00000000   Number         0  sys_command.o ABSOLUTE
    ../clib/angel/sysapp.c                   0x00000000   Number         0  sys_wrch.o ABSOLUTE
    ../clib/armsys.c                         0x00000000   Number         0  argv_veneer.o ABSOLUTE
    ../clib/armsys.c                         0x00000000   Number         0  argv_veneer.o ABSOLUTE
    ../clib/armsys.c                         0x00000000   Number         0  _get_argv_nomalloc.o ABSOLUTE
    ../clib/armsys.c                         0x00000000   Number         0  no_argv.o ABSOLUTE
    ../clib/heapalloc.c                      0x00000000   Number         0  hrguard.o ABSOLUTE
    ../clib/heapaux.c                        0x00000000   Number         0  heapauxi.o ABSOLUTE
    ../clib/libinit.s                        0x00000000   Number         0  libinit2.o ABSOLUTE
    ../clib/libinit.s                        0x00000000   Number         0  libshutdown.o ABSOLUTE
    ../clib/libinit.s                        0x00000000   Number         0  libshutdown2.o ABSOLUTE
    ../clib/libinit.s                        0x00000000   Number         0  libinit.o ABSOLUTE
    ../clib/memcpset.s                       0x00000000   Number         0  rt_memclr_w.o ABSOLUTE
    ../clib/printf.c                         0x00000000   Number         0  __printf_wp.o ABSOLUTE
    ../clib/printf.c                         0x00000000   Number         0  __printf_flags_wp.o ABSOLUTE
    ../clib/printf.c                         0x00000000   Number         0  __printf_ss_wp.o ABSOLUTE
    ../clib/printf.c                         0x00000000   Number         0  __printf_nopercent.o ABSOLUTE
    ../clib/printf.c                         0x00000000   Number         0  _printf_char_file.o ABSOLUTE
    ../clib/printf.c                         0x00000000   Number         0  _printf_char.o ABSOLUTE
    ../clib/printf.c                         0x00000000   Number         0  _sputc.o ABSOLUTE
    ../clib/printf.c                         0x00000000   Number         0  _printf_char_common.o ABSOLUTE
    ../clib/printf.c                         0x00000000   Number         0  __printf_flags_ss_wp.o ABSOLUTE
    ../clib/printf.c                         0x00000000   Number         0  _printf_intcommon.o ABSOLUTE
    ../clib/printf.c                         0x00000000   Number         0  __2printf.o ABSOLUTE
    ../clib/printf.c                         0x00000000   Number         0  __2sprintf.o ABSOLUTE
    ../clib/printf.c                         0x00000000   Number         0  noretval__2printf.o ABSOLUTE
    ../clib/printf.c                         0x00000000   Number         0  noretval__2sprintf.o ABSOLUTE
    ../clib/printf.c                         0x00000000   Number         0  __printf.o ABSOLUTE
    ../clib/printf.c                         0x00000000   Number         0  _printf_str.o ABSOLUTE
    ../clib/printf.c                         0x00000000   Number         0  _printf_dec.o ABSOLUTE
    ../clib/printf.c                         0x00000000   Number         0  __printf_flags.o ABSOLUTE
    ../clib/printf.c                         0x00000000   Number         0  __printf_ss.o ABSOLUTE
    ../clib/printf.c                         0x00000000   Number         0  __printf_flags_ss.o ABSOLUTE
    ../clib/printf_percent.s                 0x00000000   Number         0  _printf_percent_end.o ABSOLUTE
    ../clib/printf_percent.s                 0x00000000   Number         0  _printf_s.o ABSOLUTE
    ../clib/printf_percent.s                 0x00000000   Number         0  _printf_d.o ABSOLUTE
    ../clib/printf_percent.s                 0x00000000   Number         0  _printf_percent.o ABSOLUTE
    ../clib/signal.c                         0x00000000   Number         0  defsig_exit.o ABSOLUTE
    ../clib/signal.c                         0x00000000   Number         0  defsig_other.o ABSOLUTE
    ../clib/signal.c                         0x00000000   Number         0  defsig_segv_inner.o ABSOLUTE
    ../clib/signal.c                         0x00000000   Number         0  defsig_rtred_inner.o ABSOLUTE
    ../clib/signal.c                         0x00000000   Number         0  defsig_cppl_inner.o ABSOLUTE
    ../clib/signal.c                         0x00000000   Number         0  defsig_general.o ABSOLUTE
    ../clib/signal.c                         0x00000000   Number         0  __raise.o ABSOLUTE
    ../clib/signal.c                         0x00000000   Number         0  defsig_rtmem_outer.o ABSOLUTE
    ../clib/signal.c                         0x00000000   Number         0  defsig_rtmem_formal.o ABSOLUTE
    ../clib/signal.c                         0x00000000   Number         0  defsig_rtmem_inner.o ABSOLUTE
    ../clib/signal.c                         0x00000000   Number         0  defsig_stak_inner.o ABSOLUTE
    ../clib/signal.c                         0x00000000   Number         0  defsig_pvfn_inner.o ABSOLUTE
    ../clib/signal.c                         0x00000000   Number         0  defsig_fpe_inner.o ABSOLUTE
    ../clib/signal.c                         0x00000000   Number         0  defsig_abrt_inner.o ABSOLUTE
    ../clib/signal.s                         0x00000000   Number         0  defsig.o ABSOLUTE
    ../clib/stdio.c                          0x00000000   Number         0  ferror_locked.o ABSOLUTE
    ../clib/stdio.c                          0x00000000   Number         0  ferror.o ABSOLUTE
    ../clib/stdlib.c                         0x00000000   Number         0  exit.o ABSOLUTE
    ../clib/string.c                         0x00000000   Number         0  strlen.o ABSOLUTE
    ../clib/string.c                         0x00000000   Number         0  strstr.o ABSOLUTE
    ../fplib/dfix.s                          0x00000000   Number         0  dfix.o ABSOLUTE
    ../fplib/dmul.s                          0x00000000   Number         0  dmul.o ABSOLUTE
    ../fplib/dnaninf.s                       0x00000000   Number         0  dnaninf.o ABSOLUTE
    ../fplib/dretinf.s                       0x00000000   Number         0  dretinf.o ABSOLUTE
    ../fplib/f2d.s                           0x00000000   Number         0  f2d.o ABSOLUTE
    ../fplib/fflt.s                          0x00000000   Number         0  fflt_clz.o ABSOLUTE
    ../fplib/fnaninf.s                       0x00000000   Number         0  fnaninf.o ABSOLUTE
    ../fplib/fpinit.s                        0x00000000   Number         0  fpinit.o ABSOLUTE
    ../fplib/usenofp.s                       0x00000000   Number         0  usenofp.o ABSOLUTE
    ..\CORE\core_cm3.c                       0x00000000   Number         0  core_cm3.o ABSOLUTE
    ..\CORE\startup_stm32f10x_md.s           0x00000000   Number         0  startup_stm32f10x_md.o ABSOLUTE
    ..\FWLIB\src\misc.c                      0x00000000   Number         0  misc.o ABSOLUTE
    ..\FWLIB\src\stm32f10x_adc.c             0x00000000   Number         0  stm32f10x_adc.o ABSOLUTE
    ..\FWLIB\src\stm32f10x_exti.c            0x00000000   Number         0  stm32f10x_exti.o ABSOLUTE
    ..\FWLIB\src\stm32f10x_gpio.c            0x00000000   Number         0  stm32f10x_gpio.o ABSOLUTE
    ..\FWLIB\src\stm32f10x_rcc.c             0x00000000   Number         0  stm32f10x_rcc.o ABSOLUTE
    ..\FWLIB\src\stm32f10x_tim.c             0x00000000   Number         0  stm32f10x_tim.o ABSOLUTE
    ..\FWLIB\src\stm32f10x_usart.c           0x00000000   Number         0  stm32f10x_usart.o ABSOLUTE
    ..\HARDWARE\BSP\adc.c                    0x00000000   Number         0  adc.o ABSOLUTE
    ..\HARDWARE\BSP\ds18b20.c                0x00000000   Number         0  ds18b20.o ABSOLUTE
    ..\HARDWARE\BSP\esp8266.c                0x00000000   Number         0  esp8266.o ABSOLUTE
    ..\HARDWARE\BSP\uc1701.c                 0x00000000   Number         0  uc1701.o ABSOLUTE
    ..\SYSTEM\delay\delay.c                  0x00000000   Number         0  delay.o ABSOLUTE
    ..\SYSTEM\sys\sys.c                      0x00000000   Number         0  sys.o ABSOLUTE
    ..\SYSTEM\usart\usart.c                  0x00000000   Number         0  usart.o ABSOLUTE
    ..\\CORE\\core_cm3.c                     0x00000000   Number         0  core_cm3.o ABSOLUTE
    ..\\SYSTEM\\sys\\sys.c                   0x00000000   Number         0  sys.o ABSOLUTE
    dc.s                                     0x00000000   Number         0  dc.o ABSOLUTE
    main.c                                   0x00000000   Number         0  main.o ABSOLUTE
    system_stm32f10x.c                       0x00000000   Number         0  system_stm32f10x.o ABSOLUTE
    RESET                                    0x08000000   Section      236  startup_stm32f10x_md.o(RESET)
    !!!main                                  0x080000ec   Section        8  __main.o(!!!main)
    !!!scatter                               0x080000f4   Section       52  __scatter.o(!!!scatter)
    !!handler_copy                           0x08000128   Section       26  __scatter_copy.o(!!handler_copy)
    !!handler_zi                             0x08000144   Section       28  __scatter_zi.o(!!handler_zi)
    .ARM.Collect$$_printf_percent$$00000000  0x08000160   Section        0  _printf_percent.o(.ARM.Collect$$_printf_percent$$00000000)
    .ARM.Collect$$_printf_percent$$00000009  0x08000160   Section        6  _printf_d.o(.ARM.Collect$$_printf_percent$$00000009)
    .ARM.Collect$$_printf_percent$$00000014  0x08000166   Section        6  _printf_s.o(.ARM.Collect$$_printf_percent$$00000014)
    .ARM.Collect$$_printf_percent$$00000017  0x0800016c   Section        4  _printf_percent_end.o(.ARM.Collect$$_printf_percent$$00000017)
    .ARM.Collect$$libinit$$00000000          0x08000170   Section        2  libinit.o(.ARM.Collect$$libinit$$00000000)
    .ARM.Collect$$libinit$$00000002          0x08000172   Section        0  libinit2.o(.ARM.Collect$$libinit$$00000002)
    .ARM.Collect$$libinit$$00000004          0x08000172   Section        0  libinit2.o(.ARM.Collect$$libinit$$00000004)
    .ARM.Collect$$libinit$$0000000A          0x08000172   Section        0  libinit2.o(.ARM.Collect$$libinit$$0000000A)
    .ARM.Collect$$libinit$$0000000C          0x08000172   Section        0  libinit2.o(.ARM.Collect$$libinit$$0000000C)
    .ARM.Collect$$libinit$$0000000E          0x08000172   Section        0  libinit2.o(.ARM.Collect$$libinit$$0000000E)
    .ARM.Collect$$libinit$$00000011          0x08000172   Section        0  libinit2.o(.ARM.Collect$$libinit$$00000011)
    .ARM.Collect$$libinit$$00000013          0x08000172   Section        0  libinit2.o(.ARM.Collect$$libinit$$00000013)
    .ARM.Collect$$libinit$$00000015          0x08000172   Section        0  libinit2.o(.ARM.Collect$$libinit$$00000015)
    .ARM.Collect$$libinit$$00000017          0x08000172   Section        0  libinit2.o(.ARM.Collect$$libinit$$00000017)
    .ARM.Collect$$libinit$$00000019          0x08000172   Section        0  libinit2.o(.ARM.Collect$$libinit$$00000019)
    .ARM.Collect$$libinit$$0000001B          0x08000172   Section        0  libinit2.o(.ARM.Collect$$libinit$$0000001B)
    .ARM.Collect$$libinit$$0000001D          0x08000172   Section        0  libinit2.o(.ARM.Collect$$libinit$$0000001D)
    .ARM.Collect$$libinit$$0000001F          0x08000172   Section        0  libinit2.o(.ARM.Collect$$libinit$$0000001F)
    .ARM.Collect$$libinit$$00000021          0x08000172   Section        0  libinit2.o(.ARM.Collect$$libinit$$00000021)
    .ARM.Collect$$libinit$$00000023          0x08000172   Section        0  libinit2.o(.ARM.Collect$$libinit$$00000023)
    .ARM.Collect$$libinit$$00000025          0x08000172   Section        0  libinit2.o(.ARM.Collect$$libinit$$00000025)
    .ARM.Collect$$libinit$$0000002C          0x08000172   Section        0  libinit2.o(.ARM.Collect$$libinit$$0000002C)
    .ARM.Collect$$libinit$$0000002E          0x08000172   Section        0  libinit2.o(.ARM.Collect$$libinit$$0000002E)
    .ARM.Collect$$libinit$$00000030          0x08000172   Section        0  libinit2.o(.ARM.Collect$$libinit$$00000030)
    .ARM.Collect$$libinit$$00000032          0x08000172   Section        0  libinit2.o(.ARM.Collect$$libinit$$00000032)
    .ARM.Collect$$libinit$$00000033          0x08000172   Section        2  libinit2.o(.ARM.Collect$$libinit$$00000033)
    .ARM.Collect$$libshutdown$$00000000      0x08000174   Section        2  libshutdown.o(.ARM.Collect$$libshutdown$$00000000)
    .ARM.Collect$$libshutdown$$00000003      0x08000176   Section        0  libshutdown2.o(.ARM.Collect$$libshutdown$$00000003)
    .ARM.Collect$$libshutdown$$00000006      0x08000176   Section        0  libshutdown2.o(.ARM.Collect$$libshutdown$$00000006)
    .ARM.Collect$$libshutdown$$00000009      0x08000176   Section        0  libshutdown2.o(.ARM.Collect$$libshutdown$$00000009)
    .ARM.Collect$$libshutdown$$0000000B      0x08000176   Section        0  libshutdown2.o(.ARM.Collect$$libshutdown$$0000000B)
    .ARM.Collect$$libshutdown$$0000000E      0x08000176   Section        0  libshutdown2.o(.ARM.Collect$$libshutdown$$0000000E)
    .ARM.Collect$$libshutdown$$0000000F      0x08000176   Section        2  libshutdown2.o(.ARM.Collect$$libshutdown$$0000000F)
    .ARM.Collect$$rtentry$$00000000          0x08000178   Section        0  __rtentry.o(.ARM.Collect$$rtentry$$00000000)
    .ARM.Collect$$rtentry$$00000002          0x08000178   Section        0  __rtentry2.o(.ARM.Collect$$rtentry$$00000002)
    .ARM.Collect$$rtentry$$00000004          0x08000178   Section        6  __rtentry4.o(.ARM.Collect$$rtentry$$00000004)
    .ARM.Collect$$rtentry$$00000009          0x0800017e   Section        0  __rtentry2.o(.ARM.Collect$$rtentry$$00000009)
    .ARM.Collect$$rtentry$$0000000A          0x0800017e   Section        4  __rtentry2.o(.ARM.Collect$$rtentry$$0000000A)
    .ARM.Collect$$rtentry$$0000000C          0x08000182   Section        0  __rtentry2.o(.ARM.Collect$$rtentry$$0000000C)
    .ARM.Collect$$rtentry$$0000000D          0x08000182   Section        8  __rtentry2.o(.ARM.Collect$$rtentry$$0000000D)
    .ARM.Collect$$rtexit$$00000000           0x0800018a   Section        2  rtexit.o(.ARM.Collect$$rtexit$$00000000)
    .ARM.Collect$$rtexit$$00000002           0x0800018c   Section        0  rtexit2.o(.ARM.Collect$$rtexit$$00000002)
    .ARM.Collect$$rtexit$$00000003           0x0800018c   Section        4  rtexit2.o(.ARM.Collect$$rtexit$$00000003)
    .ARM.Collect$$rtexit$$00000004           0x08000190   Section        6  rtexit2.o(.ARM.Collect$$rtexit$$00000004)
    .text                                    0x08000198   Section       64  startup_stm32f10x_md.o(.text)
    .text                                    0x080001d8   Section        2  use_no_semi_2.o(.text)
    .text                                    0x080001dc   Section        0  noretval__2printf.o(.text)
    .text                                    0x080001f4   Section        0  noretval__2sprintf.o(.text)
    .text                                    0x0800021c   Section        0  __printf.o(.text)
    .text                                    0x08000284   Section        0  _printf_str.o(.text)
    .text                                    0x080002d8   Section        0  _printf_dec.o(.text)
    .text                                    0x08000350   Section        0  strstr.o(.text)
    .text                                    0x08000374   Section        0  strlen.o(.text)
    .text                                    0x080003b2   Section       78  rt_memclr_w.o(.text)
    .text                                    0x08000400   Section        0  heapauxi.o(.text)
    .text                                    0x08000406   Section        2  use_no_semi.o(.text)
    .text                                    0x08000408   Section        0  _printf_intcommon.o(.text)
    .text                                    0x080004bc   Section        0  _printf_char_common.o(.text)
    _printf_input_char                       0x080004bd   Thumb Code    10  _printf_char_common.o(.text)
    .text                                    0x080004ec   Section        0  _sputc.o(.text)
    .text                                    0x080004f6   Section        0  _printf_char.o(.text)
    .text                                    0x08000524   Section        0  _printf_char_file.o(.text)
    .text                                    0x08000548   Section        0  ferror.o(.text)
    .text                                    0x08000550   Section       74  sys_stackheap_outer.o(.text)
    .text                                    0x0800059a   Section        0  exit.o(.text)
    .text                                    0x080005a8   Section        8  libspace.o(.text)
    i.ADC_Cmd                                0x080005b0   Section        0  stm32f10x_adc.o(i.ADC_Cmd)
    i.ADC_DeInit                             0x080005c8   Section        0  stm32f10x_adc.o(i.ADC_DeInit)
    i.ADC_GetCalibrationStatus               0x08000624   Section        0  stm32f10x_adc.o(i.ADC_GetCalibrationStatus)
    i.ADC_GetConversionValue                 0x08000638   Section        0  stm32f10x_adc.o(i.ADC_GetConversionValue)
    i.ADC_GetFlagStatus                      0x08000640   Section        0  stm32f10x_adc.o(i.ADC_GetFlagStatus)
    i.ADC_GetResetCalibrationStatus          0x08000652   Section        0  stm32f10x_adc.o(i.ADC_GetResetCalibrationStatus)
    i.ADC_Init                               0x08000668   Section        0  stm32f10x_adc.o(i.ADC_Init)
    i.ADC_RegularChannelConfig               0x080006b8   Section        0  stm32f10x_adc.o(i.ADC_RegularChannelConfig)
    i.ADC_ResetCalibration                   0x08000770   Section        0  stm32f10x_adc.o(i.ADC_ResetCalibration)
    i.ADC_SoftwareStartConvCmd               0x0800077a   Section        0  stm32f10x_adc.o(i.ADC_SoftwareStartConvCmd)
    i.ADC_StartCalibration                   0x08000790   Section        0  stm32f10x_adc.o(i.ADC_StartCalibration)
    i.Adc_Init                               0x0800079c   Section        0  adc.o(i.Adc_Init)
    i.BSP_Init                               0x08000828   Section        0  main.o(i.BSP_Init)
    i.ClearScreen                            0x08000880   Section        0  uc1701.o(i.ClearScreen)
    i.DS18B20_Check                          0x080008c8   Section        0  ds18b20.o(i.DS18B20_Check)
    i.DS18B20_Get_Temp                       0x0800092c   Section        0  ds18b20.o(i.DS18B20_Get_Temp)
    i.DS18B20_Init                           0x080009b8   Section        0  ds18b20.o(i.DS18B20_Init)
    i.DS18B20_Read_Bit                       0x080009f8   Section        0  ds18b20.o(i.DS18B20_Read_Bit)
    i.DS18B20_Read_Byte                      0x08000a64   Section        0  ds18b20.o(i.DS18B20_Read_Byte)
    i.DS18B20_Rst                            0x08000a88   Section        0  ds18b20.o(i.DS18B20_Rst)
    i.DS18B20_Start                          0x08000acc   Section        0  ds18b20.o(i.DS18B20_Start)
    i.DS18B20_Write_Byte                     0x08000ae4   Section        0  ds18b20.o(i.DS18B20_Write_Byte)
    i.ESP8266_BuildAP                        0x08000b58   Section        0  esp8266.o(i.ESP8266_BuildAP)
    i.ESP8266_CIPAP                          0x08000ba0   Section        0  esp8266.o(i.ESP8266_CIPAP)
    i.ESP8266_Cmd                            0x08000be0   Section        0  esp8266.o(i.ESP8266_Cmd)
    i.ESP8266_Enable_MultipleId              0x08000ca0   Section        0  esp8266.o(i.ESP8266_Enable_MultipleId)
    i.ESP8266_Inquire_StaIp                  0x08000cd8   Section        0  esp8266.o(i.ESP8266_Inquire_StaIp)
    i.ESP8266_Net_Mode_Choose                0x08000d44   Section        0  esp8266.o(i.ESP8266_Net_Mode_Choose)
    i.ESP8266_SendString                     0x08000dbc   Section        0  esp8266.o(i.ESP8266_SendString)
    i.ESP8266_Server                         0x08000e50   Section        0  esp8266.o(i.ESP8266_Server)
    i.ESP8266_StartOrShutServer              0x0800141c   Section        0  esp8266.o(i.ESP8266_StartOrShutServer)
    i.EXTI15_10_IRQHandler                   0x080014ac   Section        0  main.o(i.EXTI15_10_IRQHandler)
    i.EXTI4_IRQHandler                       0x08001818   Section        0  main.o(i.EXTI4_IRQHandler)
    i.EXTI_ClearITPendingBit                 0x0800190c   Section        0  stm32f10x_exti.o(i.EXTI_ClearITPendingBit)
    i.EXTI_GetITStatus                       0x08001918   Section        0  stm32f10x_exti.o(i.EXTI_GetITStatus)
    i.EXTI_Init                              0x08001940   Section        0  stm32f10x_exti.o(i.EXTI_Init)
    i.Exti_init                              0x080019d4   Section        0  main.o(i.Exti_init)
    i.GPIO_EXTILineConfig                    0x08001a84   Section        0  stm32f10x_gpio.o(i.GPIO_EXTILineConfig)
    i.GPIO_Init                              0x08001ac4   Section        0  stm32f10x_gpio.o(i.GPIO_Init)
    i.GPIO_PinRemapConfig                    0x08001bdc   Section        0  stm32f10x_gpio.o(i.GPIO_PinRemapConfig)
    i.GPIO_ResetBits                         0x08001c6c   Section        0  stm32f10x_gpio.o(i.GPIO_ResetBits)
    i.Get_Adc                                0x08001c70   Section        0  adc.o(i.Get_Adc)
    i.Get_Adc_Average                        0x08001ca4   Section        0  adc.o(i.Get_Adc_Average)
    i.Graphic16x8Str                         0x08001cd4   Section        0  uc1701.o(i.Graphic16x8Str)
    i.Graphic8X16                            0x08001dbc   Section        0  uc1701.o(i.Graphic8X16)
    i.NVIC_Init                              0x08001e74   Section        0  misc.o(i.NVIC_Init)
    i.NVIC_PriorityGroupConfig               0x08001ee4   Section        0  misc.o(i.NVIC_PriorityGroupConfig)
    i.RCC_ADCCLKConfig                       0x08001ef8   Section        0  stm32f10x_rcc.o(i.RCC_ADCCLKConfig)
    i.RCC_APB1PeriphClockCmd                 0x08001f10   Section        0  stm32f10x_rcc.o(i.RCC_APB1PeriphClockCmd)
    i.RCC_APB2PeriphClockCmd                 0x08001f30   Section        0  stm32f10x_rcc.o(i.RCC_APB2PeriphClockCmd)
    i.RCC_APB2PeriphResetCmd                 0x08001f50   Section        0  stm32f10x_rcc.o(i.RCC_APB2PeriphResetCmd)
    i.RCC_GetClocksFreq                      0x08001f70   Section        0  stm32f10x_rcc.o(i.RCC_GetClocksFreq)
    i.SetPosXY                               0x08002044   Section        0  uc1701.o(i.SetPosXY)
    i.SetSysClock                            0x0800206e   Section        0  system_stm32f10x.o(i.SetSysClock)
    SetSysClock                              0x0800206f   Thumb Code     8  system_stm32f10x.o(i.SetSysClock)
    i.SetSysClockTo72                        0x08002078   Section        0  system_stm32f10x.o(i.SetSysClockTo72)
    SetSysClockTo72                          0x08002079   Thumb Code   214  system_stm32f10x.o(i.SetSysClockTo72)
    i.SysTick_CLKSourceConfig                0x08002158   Section        0  misc.o(i.SysTick_CLKSourceConfig)
    i.SystemInit                             0x08002180   Section        0  system_stm32f10x.o(i.SystemInit)
    i.UC1701GPIO_Init                        0x080021e0   Section        0  uc1701.o(i.UC1701GPIO_Init)
    i.UC1701ShowNum                          0x0800220c   Section        0  uc1701.o(i.UC1701ShowNum)
    i.UC1701_Init                            0x0800225c   Section        0  uc1701.o(i.UC1701_Init)
    i.UC1701_WriteByte                       0x08002304   Section        0  uc1701.o(i.UC1701_WriteByte)
    i.USART1_IRQHandler                      0x0800235c   Section        0  usart.o(i.USART1_IRQHandler)
    i.USART2_IRQHandler                      0x080023e4   Section        0  esp8266.o(i.USART2_IRQHandler)
    i.USART_Cmd                              0x08002468   Section        0  stm32f10x_usart.o(i.USART_Cmd)
    i.USART_GetITStatus                      0x08002480   Section        0  stm32f10x_usart.o(i.USART_GetITStatus)
    i.USART_ITConfig                         0x080024d4   Section        0  stm32f10x_usart.o(i.USART_ITConfig)
    i.USART_Init                             0x08002520   Section        0  stm32f10x_usart.o(i.USART_Init)
    i.USART_ReceiveData                      0x080025f8   Section        0  stm32f10x_usart.o(i.USART_ReceiveData)
    i._sys_exit                              0x08002602   Section        0  usart.o(i._sys_exit)
    i.delay_init                             0x08002608   Section        0  delay.o(i.delay_init)
    i.delay_ms                               0x0800264c   Section        0  delay.o(i.delay_ms)
    i.delay_us                               0x08002698   Section        0  delay.o(i.delay_us)
    i.fputc                                  0x080026e4   Section        0  usart.o(i.fputc)
    i.main                                   0x08002700   Section        0  main.o(i.main)
    i.mypow                                  0x08002740   Section        0  uc1701.o(i.mypow)
    i.uart2_init                             0x08002758   Section        0  esp8266.o(i.uart2_init)
    x$fpl$dfix                               0x08002808   Section       94  dfix.o(x$fpl$dfix)
    x$fpl$dmul                               0x08002868   Section      340  dmul.o(x$fpl$dmul)
    x$fpl$dnaninf                            0x080029bc   Section      156  dnaninf.o(x$fpl$dnaninf)
    x$fpl$dretinf                            0x08002a58   Section       12  dretinf.o(x$fpl$dretinf)
    x$fpl$f2d                                0x08002a64   Section       86  f2d.o(x$fpl$f2d)
    x$fpl$fflt                               0x08002abc   Section       48  fflt_clz.o(x$fpl$fflt)
    x$fpl$fnaninf                            0x08002aec   Section      140  fnaninf.o(x$fpl$fnaninf)
    .constdata                               0x08002b78   Section     2034  uc1701.o(.constdata)
    x$fpl$usenofp                            0x08002b78   Section        0  usenofp.o(x$fpl$usenofp)
    .data                                    0x20000000   Section       20  system_stm32f10x.o(.data)
    .data                                    0x20000014   Section        8  main.o(.data)
    .data                                    0x2000001c   Section        4  delay.o(.data)
    fac_us                                   0x2000001c   Data           1  delay.o(.data)
    fac_ms                                   0x2000001e   Data           2  delay.o(.data)
    .data                                    0x20000020   Section        6  usart.o(.data)
    .data                                    0x20000026   Section       20  stm32f10x_rcc.o(.data)
    APBAHBPrescTable                         0x20000026   Data          16  stm32f10x_rcc.o(.data)
    ADCPrescTable                            0x20000036   Data           4  stm32f10x_rcc.o(.data)
    .data                                    0x2000003a   Section        3  esp8266.o(.data)
    .bss                                     0x20000040   Section      200  usart.o(.bss)
    .bss                                     0x20000108   Section      216  esp8266.o(.bss)
    .bss                                     0x200001e0   Section     1024  uc1701.o(.bss)
    .bss                                     0x200005e0   Section       96  libspace.o(.bss)
    HEAP                                     0x20000640   Section      512  startup_stm32f10x_md.o(HEAP)
    Heap_Mem                                 0x20000640   Data         512  startup_stm32f10x_md.o(HEAP)
    STACK                                    0x20000840   Section     1024  startup_stm32f10x_md.o(STACK)
    Stack_Mem                                0x20000840   Data        1024  startup_stm32f10x_md.o(STACK)
    __initial_sp                             0x20000c40   Data           0  startup_stm32f10x_md.o(STACK)

    Global Symbols

    Symbol Name                              Value     Ov Type        Size  Object(Section)

    BuildAttributes$$THM_ISAv4$P$D$K$B$S$PE$A:L22UL41UL21$X:L11$S22US41US21$IEEE1$IW$USESV6$~STKCKD$USESV7$~SHL$OSPACE$ROPI$EBA8$UX$STANDARDLIB$REQ8$PRES8$EABIv2 0x00000000   Number         0  anon$$obj.o ABSOLUTE
    __ARM_use_no_argv                        0x00000000   Number         0  main.o ABSOLUTE
    __ARM_exceptions_init                     - Undefined Weak Reference
    __alloca_initialize                       - Undefined Weak Reference
    __arm_preinit_                            - Undefined Weak Reference
    __cpp_initialize__aeabi_                  - Undefined Weak Reference
    __cxa_finalize                            - Undefined Weak Reference
    __rt_locale                               - Undefined Weak Reference
    __sigvec_lookup                           - Undefined Weak Reference
    _atexit_init                              - Undefined Weak Reference
    _call_atexit_fns                          - Undefined Weak Reference
    _clock_init                               - Undefined Weak Reference
    _fp_trap_init                             - Undefined Weak Reference
    _fp_trap_shutdown                         - Undefined Weak Reference
    _get_lc_collate                           - Undefined Weak Reference
    _get_lc_ctype                             - Undefined Weak Reference
    _get_lc_monetary                          - Undefined Weak Reference
    _get_lc_numeric                           - Undefined Weak Reference
    _get_lc_time                              - Undefined Weak Reference
    _getenv_init                              - Undefined Weak Reference
    _handle_redirection                       - Undefined Weak Reference
    _init_alloc                               - Undefined Weak Reference
    _init_user_alloc                          - Undefined Weak Reference
    _initio                                   - Undefined Weak Reference
    _mutex_acquire                            - Undefined Weak Reference
    _mutex_release                            - Undefined Weak Reference
    _printf_mbtowc                            - Undefined Weak Reference
    _printf_post_padding                      - Undefined Weak Reference
    _printf_pre_padding                       - Undefined Weak Reference
    _printf_truncate_signed                   - Undefined Weak Reference
    _printf_truncate_unsigned                 - Undefined Weak Reference
    _rand_init                                - Undefined Weak Reference
    _signal_finish                            - Undefined Weak Reference
    _signal_init                              - Undefined Weak Reference
    _terminate_alloc                          - Undefined Weak Reference
    _terminate_user_alloc                     - Undefined Weak Reference
    _terminateio                              - Undefined Weak Reference
    __Vectors_Size                           0x000000ec   Number         0  startup_stm32f10x_md.o ABSOLUTE
    __Vectors                                0x08000000   Data           4  startup_stm32f10x_md.o(RESET)
    __Vectors_End                            0x080000ec   Data           0  startup_stm32f10x_md.o(RESET)
    __main                                   0x080000ed   Thumb Code     8  __main.o(!!!main)
    __scatterload                            0x080000f5   Thumb Code     0  __scatter.o(!!!scatter)
    __scatterload_rt2                        0x080000f5   Thumb Code    44  __scatter.o(!!!scatter)
    __scatterload_rt2_thumb_only             0x080000f5   Thumb Code     0  __scatter.o(!!!scatter)
    __scatterload_null                       0x08000103   Thumb Code     0  __scatter.o(!!!scatter)
    __scatterload_copy                       0x08000129   Thumb Code    26  __scatter_copy.o(!!handler_copy)
    __scatterload_zeroinit                   0x08000145   Thumb Code    28  __scatter_zi.o(!!handler_zi)
    _printf_d                                0x08000161   Thumb Code     0  _printf_d.o(.ARM.Collect$$_printf_percent$$00000009)
    _printf_percent                          0x08000161   Thumb Code     0  _printf_percent.o(.ARM.Collect$$_printf_percent$$00000000)
    _printf_s                                0x08000167   Thumb Code     0  _printf_s.o(.ARM.Collect$$_printf_percent$$00000014)
    _printf_percent_end                      0x0800016d   Thumb Code     0  _printf_percent_end.o(.ARM.Collect$$_printf_percent$$00000017)
    __rt_lib_init                            0x08000171   Thumb Code     0  libinit.o(.ARM.Collect$$libinit$$00000000)
    __rt_lib_init_alloca_1                   0x08000173   Thumb Code     0  libinit2.o(.ARM.Collect$$libinit$$0000002E)
    __rt_lib_init_argv_1                     0x08000173   Thumb Code     0  libinit2.o(.ARM.Collect$$libinit$$0000002C)
    __rt_lib_init_atexit_1                   0x08000173   Thumb Code     0  libinit2.o(.ARM.Collect$$libinit$$0000001B)
    __rt_lib_init_clock_1                    0x08000173   Thumb Code     0  libinit2.o(.ARM.Collect$$libinit$$00000021)
    __rt_lib_init_cpp_1                      0x08000173   Thumb Code     0  libinit2.o(.ARM.Collect$$libinit$$00000032)
    __rt_lib_init_exceptions_1               0x08000173   Thumb Code     0  libinit2.o(.ARM.Collect$$libinit$$00000030)
    __rt_lib_init_fp_1                       0x08000173   Thumb Code     0  libinit2.o(.ARM.Collect$$libinit$$00000002)
    __rt_lib_init_fp_trap_1                  0x08000173   Thumb Code     0  libinit2.o(.ARM.Collect$$libinit$$0000001F)
    __rt_lib_init_getenv_1                   0x08000173   Thumb Code     0  libinit2.o(.ARM.Collect$$libinit$$00000023)
    __rt_lib_init_heap_1                     0x08000173   Thumb Code     0  libinit2.o(.ARM.Collect$$libinit$$0000000A)
    __rt_lib_init_lc_collate_1               0x08000173   Thumb Code     0  libinit2.o(.ARM.Collect$$libinit$$00000011)
    __rt_lib_init_lc_ctype_1                 0x08000173   Thumb Code     0  libinit2.o(.ARM.Collect$$libinit$$00000013)
    __rt_lib_init_lc_monetary_1              0x08000173   Thumb Code     0  libinit2.o(.ARM.Collect$$libinit$$00000015)
    __rt_lib_init_lc_numeric_1               0x08000173   Thumb Code     0  libinit2.o(.ARM.Collect$$libinit$$00000017)
    __rt_lib_init_lc_time_1                  0x08000173   Thumb Code     0  libinit2.o(.ARM.Collect$$libinit$$00000019)
    __rt_lib_init_preinit_1                  0x08000173   Thumb Code     0  libinit2.o(.ARM.Collect$$libinit$$00000004)
    __rt_lib_init_rand_1                     0x08000173   Thumb Code     0  libinit2.o(.ARM.Collect$$libinit$$0000000E)
    __rt_lib_init_return                     0x08000173   Thumb Code     0  libinit2.o(.ARM.Collect$$libinit$$00000033)
    __rt_lib_init_signal_1                   0x08000173   Thumb Code     0  libinit2.o(.ARM.Collect$$libinit$$0000001D)
    __rt_lib_init_stdio_1                    0x08000173   Thumb Code     0  libinit2.o(.ARM.Collect$$libinit$$00000025)
    __rt_lib_init_user_alloc_1               0x08000173   Thumb Code     0  libinit2.o(.ARM.Collect$$libinit$$0000000C)
    __rt_lib_shutdown                        0x08000175   Thumb Code     0  libshutdown.o(.ARM.Collect$$libshutdown$$00000000)
    __rt_lib_shutdown_fp_trap_1              0x08000177   Thumb Code     0  libshutdown2.o(.ARM.Collect$$libshutdown$$00000006)
    __rt_lib_shutdown_heap_1                 0x08000177   Thumb Code     0  libshutdown2.o(.ARM.Collect$$libshutdown$$0000000E)
    __rt_lib_shutdown_return                 0x08000177   Thumb Code     0  libshutdown2.o(.ARM.Collect$$libshutdown$$0000000F)
    __rt_lib_shutdown_signal_1               0x08000177   Thumb Code     0  libshutdown2.o(.ARM.Collect$$libshutdown$$00000009)
    __rt_lib_shutdown_stdio_1                0x08000177   Thumb Code     0  libshutdown2.o(.ARM.Collect$$libshutdown$$00000003)
    __rt_lib_shutdown_user_alloc_1           0x08000177   Thumb Code     0  libshutdown2.o(.ARM.Collect$$libshutdown$$0000000B)
    __rt_entry                               0x08000179   Thumb Code     0  __rtentry.o(.ARM.Collect$$rtentry$$00000000)
    __rt_entry_presh_1                       0x08000179   Thumb Code     0  __rtentry2.o(.ARM.Collect$$rtentry$$00000002)
    __rt_entry_sh                            0x08000179   Thumb Code     0  __rtentry4.o(.ARM.Collect$$rtentry$$00000004)
    __rt_entry_li                            0x0800017f   Thumb Code     0  __rtentry2.o(.ARM.Collect$$rtentry$$0000000A)
    __rt_entry_postsh_1                      0x0800017f   Thumb Code     0  __rtentry2.o(.ARM.Collect$$rtentry$$00000009)
    __rt_entry_main                          0x08000183   Thumb Code     0  __rtentry2.o(.ARM.Collect$$rtentry$$0000000D)
    __rt_entry_postli_1                      0x08000183   Thumb Code     0  __rtentry2.o(.ARM.Collect$$rtentry$$0000000C)
    __rt_exit                                0x0800018b   Thumb Code     0  rtexit.o(.ARM.Collect$$rtexit$$00000000)
    __rt_exit_ls                             0x0800018d   Thumb Code     0  rtexit2.o(.ARM.Collect$$rtexit$$00000003)
    __rt_exit_prels_1                        0x0800018d   Thumb Code     0  rtexit2.o(.ARM.Collect$$rtexit$$00000002)
    __rt_exit_exit                           0x08000191   Thumb Code     0  rtexit2.o(.ARM.Collect$$rtexit$$00000004)
    Reset_Handler                            0x08000199   Thumb Code     8  startup_stm32f10x_md.o(.text)
    NMI_Handler                              0x080001a1   Thumb Code     2  startup_stm32f10x_md.o(.text)
    HardFault_Handler                        0x080001a3   Thumb Code     2  startup_stm32f10x_md.o(.text)
    MemManage_Handler                        0x080001a5   Thumb Code     2  startup_stm32f10x_md.o(.text)
    BusFault_Handler                         0x080001a7   Thumb Code     2  startup_stm32f10x_md.o(.text)
    UsageFault_Handler                       0x080001a9   Thumb Code     2  startup_stm32f10x_md.o(.text)
    SVC_Handler                              0x080001ab   Thumb Code     2  startup_stm32f10x_md.o(.text)
    DebugMon_Handler                         0x080001ad   Thumb Code     2  startup_stm32f10x_md.o(.text)
    PendSV_Handler                           0x080001af   Thumb Code     2  startup_stm32f10x_md.o(.text)
    SysTick_Handler                          0x080001b1   Thumb Code     2  startup_stm32f10x_md.o(.text)
    ADC1_2_IRQHandler                        0x080001b3   Thumb Code     0  startup_stm32f10x_md.o(.text)
    CAN1_RX1_IRQHandler                      0x080001b3   Thumb Code     0  startup_stm32f10x_md.o(.text)
    CAN1_SCE_IRQHandler                      0x080001b3   Thumb Code     0  startup_stm32f10x_md.o(.text)
    DMA1_Channel1_IRQHandler                 0x080001b3   Thumb Code     0  startup_stm32f10x_md.o(.text)
    DMA1_Channel2_IRQHandler                 0x080001b3   Thumb Code     0  startup_stm32f10x_md.o(.text)
    DMA1_Channel3_IRQHandler                 0x080001b3   Thumb Code     0  startup_stm32f10x_md.o(.text)
    DMA1_Channel4_IRQHandler                 0x080001b3   Thumb Code     0  startup_stm32f10x_md.o(.text)
    DMA1_Channel5_IRQHandler                 0x080001b3   Thumb Code     0  startup_stm32f10x_md.o(.text)
    DMA1_Channel6_IRQHandler                 0x080001b3   Thumb Code     0  startup_stm32f10x_md.o(.text)
    DMA1_Channel7_IRQHandler                 0x080001b3   Thumb Code     0  startup_stm32f10x_md.o(.text)
    EXTI0_IRQHandler                         0x080001b3   Thumb Code     0  startup_stm32f10x_md.o(.text)
    EXTI1_IRQHandler                         0x080001b3   Thumb Code     0  startup_stm32f10x_md.o(.text)
    EXTI2_IRQHandler                         0x080001b3   Thumb Code     0  startup_stm32f10x_md.o(.text)
    EXTI3_IRQHandler                         0x080001b3   Thumb Code     0  startup_stm32f10x_md.o(.text)
    EXTI9_5_IRQHandler                       0x080001b3   Thumb Code     0  startup_stm32f10x_md.o(.text)
    FLASH_IRQHandler                         0x080001b3   Thumb Code     0  startup_stm32f10x_md.o(.text)
    I2C1_ER_IRQHandler                       0x080001b3   Thumb Code     0  startup_stm32f10x_md.o(.text)
    I2C1_EV_IRQHandler                       0x080001b3   Thumb Code     0  startup_stm32f10x_md.o(.text)
    I2C2_ER_IRQHandler                       0x080001b3   Thumb Code     0  startup_stm32f10x_md.o(.text)
    I2C2_EV_IRQHandler                       0x080001b3   Thumb Code     0  startup_stm32f10x_md.o(.text)
    PVD_IRQHandler                           0x080001b3   Thumb Code     0  startup_stm32f10x_md.o(.text)
    RCC_IRQHandler                           0x080001b3   Thumb Code     0  startup_stm32f10x_md.o(.text)
    RTCAlarm_IRQHandler                      0x080001b3   Thumb Code     0  startup_stm32f10x_md.o(.text)
    RTC_IRQHandler                           0x080001b3   Thumb Code     0  startup_stm32f10x_md.o(.text)
    SPI1_IRQHandler                          0x080001b3   Thumb Code     0  startup_stm32f10x_md.o(.text)
    SPI2_IRQHandler                          0x080001b3   Thumb Code     0  startup_stm32f10x_md.o(.text)
    TAMPER_IRQHandler                        0x080001b3   Thumb Code     0  startup_stm32f10x_md.o(.text)
    TIM1_BRK_IRQHandler                      0x080001b3   Thumb Code     0  startup_stm32f10x_md.o(.text)
    TIM1_CC_IRQHandler                       0x080001b3   Thumb Code     0  startup_stm32f10x_md.o(.text)
    TIM1_TRG_COM_IRQHandler                  0x080001b3   Thumb Code     0  startup_stm32f10x_md.o(.text)
    TIM1_UP_IRQHandler                       0x080001b3   Thumb Code     0  startup_stm32f10x_md.o(.text)
    TIM2_IRQHandler                          0x080001b3   Thumb Code     0  startup_stm32f10x_md.o(.text)
    TIM3_IRQHandler                          0x080001b3   Thumb Code     0  startup_stm32f10x_md.o(.text)
    TIM4_IRQHandler                          0x080001b3   Thumb Code     0  startup_stm32f10x_md.o(.text)
    USART3_IRQHandler                        0x080001b3   Thumb Code     0  startup_stm32f10x_md.o(.text)
    USBWakeUp_IRQHandler                     0x080001b3   Thumb Code     0  startup_stm32f10x_md.o(.text)
    USB_HP_CAN1_TX_IRQHandler                0x080001b3   Thumb Code     0  startup_stm32f10x_md.o(.text)
    USB_LP_CAN1_RX0_IRQHandler               0x080001b3   Thumb Code     0  startup_stm32f10x_md.o(.text)
    WWDG_IRQHandler                          0x080001b3   Thumb Code     0  startup_stm32f10x_md.o(.text)
    __user_initial_stackheap                 0x080001b5   Thumb Code     0  startup_stm32f10x_md.o(.text)
    __use_no_semihosting                     0x080001d9   Thumb Code     2  use_no_semi_2.o(.text)
    __2printf                                0x080001dd   Thumb Code    20  noretval__2printf.o(.text)
    __2sprintf                               0x080001f5   Thumb Code    34  noretval__2sprintf.o(.text)
    __printf                                 0x0800021d   Thumb Code   104  __printf.o(.text)
    _printf_str                              0x08000285   Thumb Code    82  _printf_str.o(.text)
    _printf_int_dec                          0x080002d9   Thumb Code   104  _printf_dec.o(.text)
    strstr                                   0x08000351   Thumb Code    36  strstr.o(.text)
    strlen                                   0x08000375   Thumb Code    62  strlen.o(.text)
    __aeabi_memclr4                          0x080003b3   Thumb Code     0  rt_memclr_w.o(.text)
    __aeabi_memclr8                          0x080003b3   Thumb Code     0  rt_memclr_w.o(.text)
    __rt_memclr_w                            0x080003b3   Thumb Code    78  rt_memclr_w.o(.text)
    _memset_w                                0x080003b7   Thumb Code     0  rt_memclr_w.o(.text)
    __use_two_region_memory                  0x08000401   Thumb Code     2  heapauxi.o(.text)
    __rt_heap_escrow$2region                 0x08000403   Thumb Code     2  heapauxi.o(.text)
    __rt_heap_expand$2region                 0x08000405   Thumb Code     2  heapauxi.o(.text)
    __I$use$semihosting                      0x08000407   Thumb Code     0  use_no_semi.o(.text)
    __use_no_semihosting_swi                 0x08000407   Thumb Code     2  use_no_semi.o(.text)
    _printf_int_common                       0x08000409   Thumb Code   178  _printf_intcommon.o(.text)
    _printf_char_common                      0x080004c7   Thumb Code    32  _printf_char_common.o(.text)
    _sputc                                   0x080004ed   Thumb Code    10  _sputc.o(.text)
    _printf_cs_common                        0x080004f7   Thumb Code    20  _printf_char.o(.text)
    _printf_char                             0x0800050b   Thumb Code    16  _printf_char.o(.text)
    _printf_string                           0x0800051b   Thumb Code     8  _printf_char.o(.text)
    _printf_char_file                        0x08000525   Thumb Code    32  _printf_char_file.o(.text)
    ferror                                   0x08000549   Thumb Code     8  ferror.o(.text)
    __user_setup_stackheap                   0x08000551   Thumb Code    74  sys_stackheap_outer.o(.text)
    exit                                     0x0800059b   Thumb Code    12  exit.o(.text)
    __user_libspace                          0x080005a9   Thumb Code     8  libspace.o(.text)
    __user_perproc_libspace                  0x080005a9   Thumb Code     0  libspace.o(.text)
    __user_perthread_libspace                0x080005a9   Thumb Code     0  libspace.o(.text)
    ADC_Cmd                                  0x080005b1   Thumb Code    22  stm32f10x_adc.o(i.ADC_Cmd)
    ADC_DeInit                               0x080005c9   Thumb Code    78  stm32f10x_adc.o(i.ADC_DeInit)
    ADC_GetCalibrationStatus                 0x08000625   Thumb Code    20  stm32f10x_adc.o(i.ADC_GetCalibrationStatus)
    ADC_GetConversionValue                   0x08000639   Thumb Code     8  stm32f10x_adc.o(i.ADC_GetConversionValue)
    ADC_GetFlagStatus                        0x08000641   Thumb Code    18  stm32f10x_adc.o(i.ADC_GetFlagStatus)
    ADC_GetResetCalibrationStatus            0x08000653   Thumb Code    20  stm32f10x_adc.o(i.ADC_GetResetCalibrationStatus)
    ADC_Init                                 0x08000669   Thumb Code    70  stm32f10x_adc.o(i.ADC_Init)
    ADC_RegularChannelConfig                 0x080006b9   Thumb Code   184  stm32f10x_adc.o(i.ADC_RegularChannelConfig)
    ADC_ResetCalibration                     0x08000771   Thumb Code    10  stm32f10x_adc.o(i.ADC_ResetCalibration)
    ADC_SoftwareStartConvCmd                 0x0800077b   Thumb Code    22  stm32f10x_adc.o(i.ADC_SoftwareStartConvCmd)
    ADC_StartCalibration                     0x08000791   Thumb Code    10  stm32f10x_adc.o(i.ADC_StartCalibration)
    Adc_Init                                 0x0800079d   Thumb Code   132  adc.o(i.Adc_Init)
    BSP_Init                                 0x08000829   Thumb Code    76  main.o(i.BSP_Init)
    ClearScreen                              0x08000881   Thumb Code    64  uc1701.o(i.ClearScreen)
    DS18B20_Check                            0x080008c9   Thumb Code    92  ds18b20.o(i.DS18B20_Check)
    DS18B20_Get_Temp                         0x0800092d   Thumb Code   136  ds18b20.o(i.DS18B20_Get_Temp)
    DS18B20_Init                             0x080009b9   Thumb Code    56  ds18b20.o(i.DS18B20_Init)
    DS18B20_Read_Bit                         0x080009f9   Thumb Code    96  ds18b20.o(i.DS18B20_Read_Bit)
    DS18B20_Read_Byte                        0x08000a65   Thumb Code    34  ds18b20.o(i.DS18B20_Read_Byte)
    DS18B20_Rst                              0x08000a89   Thumb Code    54  ds18b20.o(i.DS18B20_Rst)
    DS18B20_Start                            0x08000acd   Thumb Code    24  ds18b20.o(i.DS18B20_Start)
    DS18B20_Write_Byte                       0x08000ae5   Thumb Code   102  ds18b20.o(i.DS18B20_Write_Byte)
    ESP8266_BuildAP                          0x08000b59   Thumb Code    42  esp8266.o(i.ESP8266_BuildAP)
    ESP8266_CIPAP                            0x08000ba1   Thumb Code    42  esp8266.o(i.ESP8266_CIPAP)
    ESP8266_Cmd                              0x08000be1   Thumb Code   178  esp8266.o(i.ESP8266_Cmd)
    ESP8266_Enable_MultipleId                0x08000ca1   Thumb Code    34  esp8266.o(i.ESP8266_Enable_MultipleId)
    ESP8266_Inquire_StaIp                    0x08000cd9   Thumb Code    78  esp8266.o(i.ESP8266_Inquire_StaIp)
    ESP8266_Net_Mode_Choose                  0x08000d45   Thumb Code    68  esp8266.o(i.ESP8266_Net_Mode_Choose)
    ESP8266_SendString                       0x08000dbd   Thumb Code    96  esp8266.o(i.ESP8266_SendString)
    ESP8266_Server                           0x08000e51   Thumb Code  1476  esp8266.o(i.ESP8266_Server)
    ESP8266_StartOrShutServer                0x0800141d   Thumb Code   104  esp8266.o(i.ESP8266_StartOrShutServer)
    EXTI15_10_IRQHandler                     0x080014ad   Thumb Code   850  main.o(i.EXTI15_10_IRQHandler)
    EXTI4_IRQHandler                         0x08001819   Thumb Code   220  main.o(i.EXTI4_IRQHandler)
    EXTI_ClearITPendingBit                   0x0800190d   Thumb Code     6  stm32f10x_exti.o(i.EXTI_ClearITPendingBit)
    EXTI_GetITStatus                         0x08001919   Thumb Code    34  stm32f10x_exti.o(i.EXTI_GetITStatus)
    EXTI_Init                                0x08001941   Thumb Code   142  stm32f10x_exti.o(i.EXTI_Init)
    Exti_init                                0x080019d5   Thumb Code   172  main.o(i.Exti_init)
    GPIO_EXTILineConfig                      0x08001a85   Thumb Code    60  stm32f10x_gpio.o(i.GPIO_EXTILineConfig)
    GPIO_Init                                0x08001ac5   Thumb Code   278  stm32f10x_gpio.o(i.GPIO_Init)
    GPIO_PinRemapConfig                      0x08001bdd   Thumb Code   138  stm32f10x_gpio.o(i.GPIO_PinRemapConfig)
    GPIO_ResetBits                           0x08001c6d   Thumb Code     4  stm32f10x_gpio.o(i.GPIO_ResetBits)
    Get_Adc                                  0x08001c71   Thumb Code    46  adc.o(i.Get_Adc)
    Get_Adc_Average                          0x08001ca5   Thumb Code    46  adc.o(i.Get_Adc_Average)
    Graphic16x8Str                           0x08001cd5   Thumb Code   226  uc1701.o(i.Graphic16x8Str)
    Graphic8X16                              0x08001dbd   Thumb Code   172  uc1701.o(i.Graphic8X16)
    NVIC_Init                                0x08001e75   Thumb Code   100  misc.o(i.NVIC_Init)
    NVIC_PriorityGroupConfig                 0x08001ee5   Thumb Code    10  misc.o(i.NVIC_PriorityGroupConfig)
    RCC_ADCCLKConfig                         0x08001ef9   Thumb Code    18  stm32f10x_rcc.o(i.RCC_ADCCLKConfig)
    RCC_APB1PeriphClockCmd                   0x08001f11   Thumb Code    26  stm32f10x_rcc.o(i.RCC_APB1PeriphClockCmd)
    RCC_APB2PeriphClockCmd                   0x08001f31   Thumb Code    26  stm32f10x_rcc.o(i.RCC_APB2PeriphClockCmd)
    RCC_APB2PeriphResetCmd                   0x08001f51   Thumb Code    26  stm32f10x_rcc.o(i.RCC_APB2PeriphResetCmd)
    RCC_GetClocksFreq                        0x08001f71   Thumb Code   192  stm32f10x_rcc.o(i.RCC_GetClocksFreq)
    SetPosXY                                 0x08002045   Thumb Code    42  uc1701.o(i.SetPosXY)
    SysTick_CLKSourceConfig                  0x08002159   Thumb Code    40  misc.o(i.SysTick_CLKSourceConfig)
    SystemInit                               0x08002181   Thumb Code    78  system_stm32f10x.o(i.SystemInit)
    UC1701GPIO_Init                          0x080021e1   Thumb Code    40  uc1701.o(i.UC1701GPIO_Init)
    UC1701ShowNum                            0x0800220d   Thumb Code    78  uc1701.o(i.UC1701ShowNum)
    UC1701_Init                              0x0800225d   Thumb Code   158  uc1701.o(i.UC1701_Init)
    UC1701_WriteByte                         0x08002305   Thumb Code    78  uc1701.o(i.UC1701_WriteByte)
    USART1_IRQHandler                        0x0800235d   Thumb Code   122  usart.o(i.USART1_IRQHandler)
    USART2_IRQHandler                        0x080023e5   Thumb Code   122  esp8266.o(i.USART2_IRQHandler)
    USART_Cmd                                0x08002469   Thumb Code    24  stm32f10x_usart.o(i.USART_Cmd)
    USART_GetITStatus                        0x08002481   Thumb Code    84  stm32f10x_usart.o(i.USART_GetITStatus)
    USART_ITConfig                           0x080024d5   Thumb Code    74  stm32f10x_usart.o(i.USART_ITConfig)
    USART_Init                               0x08002521   Thumb Code   210  stm32f10x_usart.o(i.USART_Init)
    USART_ReceiveData                        0x080025f9   Thumb Code    10  stm32f10x_usart.o(i.USART_ReceiveData)
    _sys_exit                                0x08002603   Thumb Code     6  usart.o(i._sys_exit)
    delay_init                               0x08002609   Thumb Code    50  delay.o(i.delay_init)
    delay_ms                                 0x0800264d   Thumb Code    72  delay.o(i.delay_ms)
    delay_us                                 0x08002699   Thumb Code    72  delay.o(i.delay_us)
    fputc                                    0x080026e5   Thumb Code    24  usart.o(i.fputc)
    main                                     0x08002701   Thumb Code    64  main.o(i.main)
    mypow                                    0x08002741   Thumb Code    22  uc1701.o(i.mypow)
    uart2_init                               0x08002759   Thumb Code   166  esp8266.o(i.uart2_init)
    __aeabi_d2iz                             0x08002809   Thumb Code     0  dfix.o(x$fpl$dfix)
    _dfix                                    0x08002809   Thumb Code    94  dfix.o(x$fpl$dfix)
    __aeabi_dmul                             0x08002869   Thumb Code     0  dmul.o(x$fpl$dmul)
    _dmul                                    0x08002869   Thumb Code   332  dmul.o(x$fpl$dmul)
    __fpl_dnaninf                            0x080029bd   Thumb Code   156  dnaninf.o(x$fpl$dnaninf)
    __fpl_dretinf                            0x08002a59   Thumb Code    12  dretinf.o(x$fpl$dretinf)
    __aeabi_f2d                              0x08002a65   Thumb Code     0  f2d.o(x$fpl$f2d)
    _f2d                                     0x08002a65   Thumb Code    86  f2d.o(x$fpl$f2d)
    __aeabi_i2f                              0x08002abd   Thumb Code     0  fflt_clz.o(x$fpl$fflt)
    _fflt                                    0x08002abd   Thumb Code    48  fflt_clz.o(x$fpl$fflt)
    __fpl_fnaninf                            0x08002aed   Thumb Code   140  fnaninf.o(x$fpl$fnaninf)
    HanZi                                    0x08002b78   Data          32  uc1701.o(.constdata)
    __I$use$fp                               0x08002b78   Number         0  usenofp.o(x$fpl$usenofp)
    font6x8                                  0x08002b98   Data         546  uc1701.o(.constdata)
    font8x16                                 0x08002dba   Data        1456  uc1701.o(.constdata)
    Region$$Table$$Base                      0x0800336c   Number         0  anon$$obj.o(Region$$Table)
    Region$$Table$$Limit                     0x0800338c   Number         0  anon$$obj.o(Region$$Table)
    SystemCoreClock                          0x20000000   Data           4  system_stm32f10x.o(.data)
    AHBPrescTable                            0x20000004   Data          16  system_stm32f10x.o(.data)
    timeout                                  0x20000014   Data           2  main.o(.data)
    flag1                                    0x20000016   Data           1  main.o(.data)
    setpos                                   0x20000017   Data           1  main.o(.data)
    paraFan                                  0x20000018   Data           4  main.o(.data)
    __stdout                                 0x20000020   Data           4  usart.o(.data)
    USART_RX_STA                             0x20000024   Data           2  usart.o(.data)
    showtimeout                              0x2000003a   Data           2  esp8266.o(.data)
    smartconfig_en                           0x2000003c   Data           1  esp8266.o(.data)
    USART_RX_BUF                             0x20000040   Data         200  usart.o(.bss)
    strEsp8266_Fram_Record                   0x20000108   Data         202  esp8266.o(.bss)
    sensorend1                               0x200001d2   Data          14  esp8266.o(.bss)
    GDRAM                                    0x200001e0   Data        1024  uc1701.o(.bss)
    __libspace_start                         0x200005e0   Data          96  libspace.o(.bss)
    __temporary_stack_top$libspace           0x20000640   Data           0  libspace.o(.bss)



==============================================================================

Memory Map of the image

  Image Entry point : 0x080000ed

  Load Region LR_IROM1 (Base: 0x08000000, Size: 0x000033cc, Max: 0x00010000, ABSOLUTE)

    Execution Region ER_IROM1 (Base: 0x08000000, Size: 0x0000338c, Max: 0x00010000, ABSOLUTE)

    Base Addr    Size         Type   Attr      Idx    E Section Name        Object

    0x08000000   0x000000ec   Data   RO          219    RESET               startup_stm32f10x_md.o
    0x080000ec   0x00000008   Code   RO         2066  * !!!main             c_w.l(__main.o)
    0x080000f4   0x00000034   Code   RO         2258    !!!scatter          c_w.l(__scatter.o)
    0x08000128   0x0000001a   Code   RO         2260    !!handler_copy      c_w.l(__scatter_copy.o)
    0x08000142   0x00000002   PAD
    0x08000144   0x0000001c   Code   RO         2262    !!handler_zi        c_w.l(__scatter_zi.o)
    0x08000160   0x00000000   Code   RO         2057    .ARM.Collect$$_printf_percent$$00000000  c_w.l(_printf_percent.o)
    0x08000160   0x00000006   Code   RO         2056    .ARM.Collect$$_printf_percent$$00000009  c_w.l(_printf_d.o)
    0x08000166   0x00000006   Code   RO         2055    .ARM.Collect$$_printf_percent$$00000014  c_w.l(_printf_s.o)
    0x0800016c   0x00000004   Code   RO         2095    .ARM.Collect$$_printf_percent$$00000017  c_w.l(_printf_percent_end.o)
    0x08000170   0x00000002   Code   RO         2133    .ARM.Collect$$libinit$$00000000  c_w.l(libinit.o)
    0x08000172   0x00000000   Code   RO         2140    .ARM.Collect$$libinit$$00000002  c_w.l(libinit2.o)
    0x08000172   0x00000000   Code   RO         2142    .ARM.Collect$$libinit$$00000004  c_w.l(libinit2.o)
    0x08000172   0x00000000   Code   RO         2145    .ARM.Collect$$libinit$$0000000A  c_w.l(libinit2.o)
    0x08000172   0x00000000   Code   RO         2147    .ARM.Collect$$libinit$$0000000C  c_w.l(libinit2.o)
    0x08000172   0x00000000   Code   RO         2149    .ARM.Collect$$libinit$$0000000E  c_w.l(libinit2.o)
    0x08000172   0x00000000   Code   RO         2152    .ARM.Collect$$libinit$$00000011  c_w.l(libinit2.o)
    0x08000172   0x00000000   Code   RO         2154    .ARM.Collect$$libinit$$00000013  c_w.l(libinit2.o)
    0x08000172   0x00000000   Code   RO         2156    .ARM.Collect$$libinit$$00000015  c_w.l(libinit2.o)
    0x08000172   0x00000000   Code   RO         2158    .ARM.Collect$$libinit$$00000017  c_w.l(libinit2.o)
    0x08000172   0x00000000   Code   RO         2160    .ARM.Collect$$libinit$$00000019  c_w.l(libinit2.o)
    0x08000172   0x00000000   Code   RO         2162    .ARM.Collect$$libinit$$0000001B  c_w.l(libinit2.o)
    0x08000172   0x00000000   Code   RO         2164    .ARM.Collect$$libinit$$0000001D  c_w.l(libinit2.o)
    0x08000172   0x00000000   Code   RO         2166    .ARM.Collect$$libinit$$0000001F  c_w.l(libinit2.o)
    0x08000172   0x00000000   Code   RO         2168    .ARM.Collect$$libinit$$00000021  c_w.l(libinit2.o)
    0x08000172   0x00000000   Code   RO         2170    .ARM.Collect$$libinit$$00000023  c_w.l(libinit2.o)
    0x08000172   0x00000000   Code   RO         2172    .ARM.Collect$$libinit$$00000025  c_w.l(libinit2.o)
    0x08000172   0x00000000   Code   RO         2176    .ARM.Collect$$libinit$$0000002C  c_w.l(libinit2.o)
    0x08000172   0x00000000   Code   RO         2178    .ARM.Collect$$libinit$$0000002E  c_w.l(libinit2.o)
    0x08000172   0x00000000   Code   RO         2180    .ARM.Collect$$libinit$$00000030  c_w.l(libinit2.o)
    0x08000172   0x00000000   Code   RO         2182    .ARM.Collect$$libinit$$00000032  c_w.l(libinit2.o)
    0x08000172   0x00000002   Code   RO         2183    .ARM.Collect$$libinit$$00000033  c_w.l(libinit2.o)
    0x08000174   0x00000002   Code   RO         2201    .ARM.Collect$$libshutdown$$00000000  c_w.l(libshutdown.o)
    0x08000176   0x00000000   Code   RO         2212    .ARM.Collect$$libshutdown$$00000003  c_w.l(libshutdown2.o)
    0x08000176   0x00000000   Code   RO         2215    .ARM.Collect$$libshutdown$$00000006  c_w.l(libshutdown2.o)
    0x08000176   0x00000000   Code   RO         2218    .ARM.Collect$$libshutdown$$00000009  c_w.l(libshutdown2.o)
    0x08000176   0x00000000   Code   RO         2220    .ARM.Collect$$libshutdown$$0000000B  c_w.l(libshutdown2.o)
    0x08000176   0x00000000   Code   RO         2223    .ARM.Collect$$libshutdown$$0000000E  c_w.l(libshutdown2.o)
    0x08000176   0x00000002   Code   RO         2224    .ARM.Collect$$libshutdown$$0000000F  c_w.l(libshutdown2.o)
    0x08000178   0x00000000   Code   RO         2084    .ARM.Collect$$rtentry$$00000000  c_w.l(__rtentry.o)
    0x08000178   0x00000000   Code   RO         2104    .ARM.Collect$$rtentry$$00000002  c_w.l(__rtentry2.o)
    0x08000178   0x00000006   Code   RO         2116    .ARM.Collect$$rtentry$$00000004  c_w.l(__rtentry4.o)
    0x0800017e   0x00000000   Code   RO         2106    .ARM.Collect$$rtentry$$00000009  c_w.l(__rtentry2.o)
    0x0800017e   0x00000004   Code   RO         2107    .ARM.Collect$$rtentry$$0000000A  c_w.l(__rtentry2.o)
    0x08000182   0x00000000   Code   RO         2109    .ARM.Collect$$rtentry$$0000000C  c_w.l(__rtentry2.o)
    0x08000182   0x00000008   Code   RO         2110    .ARM.Collect$$rtentry$$0000000D  c_w.l(__rtentry2.o)
    0x0800018a   0x00000002   Code   RO         2137    .ARM.Collect$$rtexit$$00000000  c_w.l(rtexit.o)
    0x0800018c   0x00000000   Code   RO         2185    .ARM.Collect$$rtexit$$00000002  c_w.l(rtexit2.o)
    0x0800018c   0x00000004   Code   RO         2186    .ARM.Collect$$rtexit$$00000003  c_w.l(rtexit2.o)
    0x08000190   0x00000006   Code   RO         2187    .ARM.Collect$$rtexit$$00000004  c_w.l(rtexit2.o)
    0x08000196   0x00000002   PAD
    0x08000198   0x00000040   Code   RO          220    .text               startup_stm32f10x_md.o
    0x080001d8   0x00000002   Code   RO         2019    .text               c_w.l(use_no_semi_2.o)
    0x080001da   0x00000002   PAD
    0x080001dc   0x00000018   Code   RO         2025    .text               c_w.l(noretval__2printf.o)
    0x080001f4   0x00000028   Code   RO         2027    .text               c_w.l(noretval__2sprintf.o)
    0x0800021c   0x00000068   Code   RO         2029    .text               c_w.l(__printf.o)
    0x08000284   0x00000052   Code   RO         2031    .text               c_w.l(_printf_str.o)
    0x080002d6   0x00000002   PAD
    0x080002d8   0x00000078   Code   RO         2033    .text               c_w.l(_printf_dec.o)
    0x08000350   0x00000024   Code   RO         2058    .text               c_w.l(strstr.o)
    0x08000374   0x0000003e   Code   RO         2060    .text               c_w.l(strlen.o)
    0x080003b2   0x0000004e   Code   RO         2062    .text               c_w.l(rt_memclr_w.o)
    0x08000400   0x00000006   Code   RO         2064    .text               c_w.l(heapauxi.o)
    0x08000406   0x00000002   Code   RO         2082    .text               c_w.l(use_no_semi.o)
    0x08000408   0x000000b2   Code   RO         2085    .text               c_w.l(_printf_intcommon.o)
    0x080004ba   0x00000002   PAD
    0x080004bc   0x00000030   Code   RO         2087    .text               c_w.l(_printf_char_common.o)
    0x080004ec   0x0000000a   Code   RO         2089    .text               c_w.l(_sputc.o)
    0x080004f6   0x0000002c   Code   RO         2091    .text               c_w.l(_printf_char.o)
    0x08000522   0x00000002   PAD
    0x08000524   0x00000024   Code   RO         2093    .text               c_w.l(_printf_char_file.o)
    0x08000548   0x00000008   Code   RO         2120    .text               c_w.l(ferror.o)
    0x08000550   0x0000004a   Code   RO         2124    .text               c_w.l(sys_stackheap_outer.o)
    0x0800059a   0x0000000c   Code   RO         2126    .text               c_w.l(exit.o)
    0x080005a6   0x00000002   PAD
    0x080005a8   0x00000008   Code   RO         2134    .text               c_w.l(libspace.o)
    0x080005b0   0x00000016   Code   RO         1403    i.ADC_Cmd           stm32f10x_adc.o
    0x080005c6   0x00000002   PAD
    0x080005c8   0x0000005c   Code   RO         1405    i.ADC_DeInit        stm32f10x_adc.o
    0x08000624   0x00000014   Code   RO         1411    i.ADC_GetCalibrationStatus  stm32f10x_adc.o
    0x08000638   0x00000008   Code   RO         1412    i.ADC_GetConversionValue  stm32f10x_adc.o
    0x08000640   0x00000012   Code   RO         1414    i.ADC_GetFlagStatus  stm32f10x_adc.o
    0x08000652   0x00000014   Code   RO         1417    i.ADC_GetResetCalibrationStatus  stm32f10x_adc.o
    0x08000666   0x00000002   PAD
    0x08000668   0x00000050   Code   RO         1421    i.ADC_Init          stm32f10x_adc.o
    0x080006b8   0x000000b8   Code   RO         1425    i.ADC_RegularChannelConfig  stm32f10x_adc.o
    0x08000770   0x0000000a   Code   RO         1426    i.ADC_ResetCalibration  stm32f10x_adc.o
    0x0800077a   0x00000016   Code   RO         1428    i.ADC_SoftwareStartConvCmd  stm32f10x_adc.o
    0x08000790   0x0000000a   Code   RO         1430    i.ADC_StartCalibration  stm32f10x_adc.o
    0x0800079a   0x00000002   PAD
    0x0800079c   0x0000008c   Code   RO         1939    i.Adc_Init          adc.o
    0x08000828   0x00000058   Code   RO          119    i.BSP_Init          main.o
    0x08000880   0x00000048   Code   RO         1831    i.ClearScreen       uc1701.o
    0x080008c8   0x00000064   Code   RO         1963    i.DS18B20_Check     ds18b20.o
    0x0800092c   0x0000008c   Code   RO         1964    i.DS18B20_Get_Temp  ds18b20.o
    0x080009b8   0x00000040   Code   RO         1965    i.DS18B20_Init      ds18b20.o
    0x080009f8   0x0000006c   Code   RO         1966    i.DS18B20_Read_Bit  ds18b20.o
    0x08000a64   0x00000022   Code   RO         1967    i.DS18B20_Read_Byte  ds18b20.o
    0x08000a86   0x00000002   PAD
    0x08000a88   0x00000044   Code   RO         1968    i.DS18B20_Rst       ds18b20.o
    0x08000acc   0x00000018   Code   RO         1969    i.DS18B20_Start     ds18b20.o
    0x08000ae4   0x00000074   Code   RO         1970    i.DS18B20_Write_Byte  ds18b20.o
    0x08000b58   0x00000048   Code   RO         1674    i.ESP8266_BuildAP   esp8266.o
    0x08000ba0   0x00000040   Code   RO         1675    i.ESP8266_CIPAP     esp8266.o
    0x08000be0   0x000000c0   Code   RO         1677    i.ESP8266_Cmd       esp8266.o
    0x08000ca0   0x00000038   Code   RO         1678    i.ESP8266_Enable_MultipleId  esp8266.o
    0x08000cd8   0x0000006c   Code   RO         1683    i.ESP8266_Inquire_StaIp  esp8266.o
    0x08000d44   0x00000078   Code   RO         1686    i.ESP8266_Net_Mode_Choose  esp8266.o
    0x08000dbc   0x00000094   Code   RO         1688    i.ESP8266_SendString  esp8266.o
    0x08000e50   0x000005cc   Code   RO         1689    i.ESP8266_Server    esp8266.o
    0x0800141c   0x00000090   Code   RO         1690    i.ESP8266_StartOrShutServer  esp8266.o
    0x080014ac   0x0000036c   Code   RO          120    i.EXTI15_10_IRQHandler  main.o
    0x08001818   0x000000f4   Code   RO          121    i.EXTI4_IRQHandler  main.o
    0x0800190c   0x0000000c   Code   RO         1620    i.EXTI_ClearITPendingBit  stm32f10x_exti.o
    0x08001918   0x00000028   Code   RO         1624    i.EXTI_GetITStatus  stm32f10x_exti.o
    0x08001940   0x00000094   Code   RO         1625    i.EXTI_Init         stm32f10x_exti.o
    0x080019d4   0x000000b0   Code   RO          122    i.Exti_init         main.o
    0x08001a84   0x00000040   Code   RO          558    i.GPIO_EXTILineConfig  stm32f10x_gpio.o
    0x08001ac4   0x00000116   Code   RO          561    i.GPIO_Init         stm32f10x_gpio.o
    0x08001bda   0x00000002   PAD
    0x08001bdc   0x00000090   Code   RO          563    i.GPIO_PinRemapConfig  stm32f10x_gpio.o
    0x08001c6c   0x00000004   Code   RO          568    i.GPIO_ResetBits    stm32f10x_gpio.o
    0x08001c70   0x00000034   Code   RO         1940    i.Get_Adc           adc.o
    0x08001ca4   0x0000002e   Code   RO         1941    i.Get_Adc_Average   adc.o
    0x08001cd2   0x00000002   PAD
    0x08001cd4   0x000000e8   Code   RO         1835    i.Graphic16x8Str    uc1701.o
    0x08001dbc   0x000000b8   Code   RO         1838    i.Graphic8X16       uc1701.o
    0x08001e74   0x00000070   Code   RO          319    i.NVIC_Init         misc.o
    0x08001ee4   0x00000014   Code   RO          320    i.NVIC_PriorityGroupConfig  misc.o
    0x08001ef8   0x00000018   Code   RO          355    i.RCC_ADCCLKConfig  stm32f10x_rcc.o
    0x08001f10   0x00000020   Code   RO          357    i.RCC_APB1PeriphClockCmd  stm32f10x_rcc.o
    0x08001f30   0x00000020   Code   RO          359    i.RCC_APB2PeriphClockCmd  stm32f10x_rcc.o
    0x08001f50   0x00000020   Code   RO          360    i.RCC_APB2PeriphResetCmd  stm32f10x_rcc.o
    0x08001f70   0x000000d4   Code   RO          367    i.RCC_GetClocksFreq  stm32f10x_rcc.o
    0x08002044   0x0000002a   Code   RO         1840    i.SetPosXY          uc1701.o
    0x0800206e   0x00000008   Code   RO            1    i.SetSysClock       system_stm32f10x.o
    0x08002076   0x00000002   PAD
    0x08002078   0x000000e0   Code   RO            2    i.SetSysClockTo72   system_stm32f10x.o
    0x08002158   0x00000028   Code   RO          323    i.SysTick_CLKSourceConfig  misc.o
    0x08002180   0x00000060   Code   RO            4    i.SystemInit        system_stm32f10x.o
    0x080021e0   0x0000002c   Code   RO         1841    i.UC1701GPIO_Init   uc1701.o
    0x0800220c   0x0000004e   Code   RO         1842    i.UC1701ShowNum     uc1701.o
    0x0800225a   0x00000002   PAD
    0x0800225c   0x000000a8   Code   RO         1843    i.UC1701_Init       uc1701.o
    0x08002304   0x00000058   Code   RO         1844    i.UC1701_WriteByte  uc1701.o
    0x0800235c   0x00000088   Code   RO          278    i.USART1_IRQHandler  usart.o
    0x080023e4   0x00000084   Code   RO         1693    i.USART2_IRQHandler  esp8266.o
    0x08002468   0x00000018   Code   RO          673    i.USART_Cmd         stm32f10x_usart.o
    0x08002480   0x00000054   Code   RO          677    i.USART_GetITStatus  stm32f10x_usart.o
    0x080024d4   0x0000004a   Code   RO          679    i.USART_ITConfig    stm32f10x_usart.o
    0x0800251e   0x00000002   PAD
    0x08002520   0x000000d8   Code   RO          680    i.USART_Init        stm32f10x_usart.o
    0x080025f8   0x0000000a   Code   RO          687    i.USART_ReceiveData  stm32f10x_usart.o
    0x08002602   0x00000006   Code   RO          279    i._sys_exit         usart.o
    0x08002608   0x00000044   Code   RO          224    i.delay_init        delay.o
    0x0800264c   0x0000004c   Code   RO          225    i.delay_ms          delay.o
    0x08002698   0x0000004c   Code   RO          226    i.delay_us          delay.o
    0x080026e4   0x0000001c   Code   RO          280    i.fputc             usart.o
    0x08002700   0x00000040   Code   RO          123    i.main              main.o
    0x08002740   0x00000016   Code   RO         1845    i.mypow             uc1701.o
    0x08002756   0x00000002   PAD
    0x08002758   0x000000b0   Code   RO         1694    i.uart2_init        esp8266.o
    0x08002808   0x0000005e   Code   RO         2068    x$fpl$dfix          fz_ws.l(dfix.o)
    0x08002866   0x00000002   PAD
    0x08002868   0x00000154   Code   RO         2072    x$fpl$dmul          fz_ws.l(dmul.o)
    0x080029bc   0x0000009c   Code   RO         2096    x$fpl$dnaninf       fz_ws.l(dnaninf.o)
    0x08002a58   0x0000000c   Code   RO         2098    x$fpl$dretinf       fz_ws.l(dretinf.o)
    0x08002a64   0x00000056   Code   RO         2074    x$fpl$f2d           fz_ws.l(f2d.o)
    0x08002aba   0x00000002   PAD
    0x08002abc   0x00000030   Code   RO         2077    x$fpl$fflt          fz_ws.l(fflt_clz.o)
    0x08002aec   0x0000008c   Code   RO         2100    x$fpl$fnaninf       fz_ws.l(fnaninf.o)
    0x08002b78   0x00000000   Code   RO         2102    x$fpl$usenofp       fz_ws.l(usenofp.o)
    0x08002b78   0x000007f2   Data   RO         1847    .constdata          uc1701.o
    0x0800336a   0x00000002   PAD
    0x0800336c   0x00000020   Data   RO         2256    Region$$Table       anon$$obj.o


    Execution Region RW_IRAM1 (Base: 0x20000000, Size: 0x00000c40, Max: 0x00005000, ABSOLUTE)

    Base Addr    Size         Type   Attr      Idx    E Section Name        Object

    0x20000000   0x00000014   Data   RW            5    .data               system_stm32f10x.o
    0x20000014   0x00000008   Data   RW          124    .data               main.o
    0x2000001c   0x00000004   Data   RW          227    .data               delay.o
    0x20000020   0x00000006   Data   RW          283    .data               usart.o
    0x20000026   0x00000014   Data   RW          387    .data               stm32f10x_rcc.o
    0x2000003a   0x00000003   Data   RW         1696    .data               esp8266.o
    0x2000003d   0x00000003   PAD
    0x20000040   0x000000c8   Zero   RW          282    .bss                usart.o
    0x20000108   0x000000d8   Zero   RW         1695    .bss                esp8266.o
    0x200001e0   0x00000400   Zero   RW         1846    .bss                uc1701.o
    0x200005e0   0x00000060   Zero   RW         2135    .bss                c_w.l(libspace.o)
    0x20000640   0x00000200   Zero   RW          218    HEAP                startup_stm32f10x_md.o
    0x20000840   0x00000400   Zero   RW          217    STACK               startup_stm32f10x_md.o


==============================================================================

Image component sizes


      Code (inc. data)   RO Data    RW Data    ZI Data      Debug   Object Name

       238         14          0          0          0       1731   adc.o
         0          0          0          0          0         32   core_cm3.o
       220         26          0          4          0       1683   delay.o
       654         60          0          0          0       4532   ds18b20.o
      2696        694          0          3        216       9474   esp8266.o
      1448         72          0          8          0     218339   main.o
       172         22          0          0          0       1953   misc.o
        64         26        236          0       1536        792   startup_stm32f10x_md.o
       486         24          0          0          0       8222   stm32f10x_adc.o
       200         18          0          0          0       1992   stm32f10x_exti.o
       490         10          0          0          0       3805   stm32f10x_gpio.o
       332         44          0         20          0       5390   stm32f10x_rcc.o
       408          6          0          0          0       4798   stm32f10x_usart.o
       328         28          0         20          0      29673   system_stm32f10x.o
       930         50       2034          0       1024       6490   uc1701.o
       170         18          0          6        200       3408   usart.o

    ----------------------------------------------------------------------
      8856       1112       2304         64       2976     302314   Object Totals
         0          0         32          0          0          0   (incl. Generated)
        20          0          2          3          0          0   (incl. Padding)

    ----------------------------------------------------------------------

      Code (inc. data)   RO Data    RW Data    ZI Data      Debug   Library Member Name

         8          0          0          0          0         68   __main.o
       104          0          0          0          0         84   __printf.o
         0          0          0          0          0          0   __rtentry.o
        12          0          0          0          0          0   __rtentry2.o
         6          0          0          0          0          0   __rtentry4.o
        52          8          0          0          0          0   __scatter.o
        26          0          0          0          0          0   __scatter_copy.o
        28          0          0          0          0          0   __scatter_zi.o
        44          0          0          0          0        108   _printf_char.o
        48          6          0          0          0         96   _printf_char_common.o
        36          4          0          0          0         80   _printf_char_file.o
         6          0          0          0          0          0   _printf_d.o
       120         16          0          0          0         92   _printf_dec.o
       178          0          0          0          0         88   _printf_intcommon.o
         0          0          0          0          0          0   _printf_percent.o
         4          0          0          0          0          0   _printf_percent_end.o
         6          0          0          0          0          0   _printf_s.o
        82          0          0          0          0         80   _printf_str.o
        10          0          0          0          0         68   _sputc.o
        12          0          0          0          0         72   exit.o
         8          0          0          0          0         68   ferror.o
         6          0          0          0          0        152   heapauxi.o
         2          0          0          0          0          0   libinit.o
         2          0          0          0          0          0   libinit2.o
         2          0          0          0          0          0   libshutdown.o
         2          0          0          0          0          0   libshutdown2.o
         8          4          0          0         96         68   libspace.o
        24          4          0          0          0         84   noretval__2printf.o
        40          6          0          0          0         84   noretval__2sprintf.o
        78          0          0          0          0         80   rt_memclr_w.o
         2          0          0          0          0          0   rtexit.o
        10          0          0          0          0          0   rtexit2.o
        62          0          0          0          0         76   strlen.o
        36          0          0          0          0         80   strstr.o
        74          0          0          0          0         80   sys_stackheap_outer.o
         2          0          0          0          0         68   use_no_semi.o
         2          0          0          0          0         68   use_no_semi_2.o
        94          4          0          0          0         92   dfix.o
       340         12          0          0          0        104   dmul.o
       156          4          0          0          0         92   dnaninf.o
        12          0          0          0          0         68   dretinf.o
        86          4          0          0          0         84   f2d.o
        48          0          0          0          0         68   fflt_clz.o
       140          4          0          0          0         84   fnaninf.o
         0          0          0          0          0          0   usenofp.o

    ----------------------------------------------------------------------
      2036         76          0          0         96       2336   Library Totals
        18          0          0          0          0          0   (incl. Padding)

    ----------------------------------------------------------------------

      Code (inc. data)   RO Data    RW Data    ZI Data      Debug   Library Name

      1142         48          0          0         96       1744   c_w.l
       876         28          0          0          0        592   fz_ws.l

    ----------------------------------------------------------------------
      2036         76          0          0         96       2336   Library Totals

    ----------------------------------------------------------------------

==============================================================================


      Code (inc. data)   RO Data    RW Data    ZI Data      Debug   

     10892       1188       2304         64       3072     299602   Grand Totals
     10892       1188       2304         64       3072     299602   ELF Image Totals
     10892       1188       2304         64          0          0   ROM Totals

==============================================================================

    Total RO  Size (Code + RO Data)                13196 (  12.89kB)
    Total RW  Size (RW Data + ZI Data)              3136 (   3.06kB)
    Total ROM Size (Code + RO Data + RW Data)      13260 (  12.95kB)

==============================================================================

